//
// SIGBUS Diagnostics for Cadence Design Systems R&D
//
// This file contains potentially useful information in case of
// ungraceful termination. Look at the output dumped after this for 
// potential problems. If you notice any filenames ending with '(deleted)' they were
// deleted after they had been loaded into program memory. This can cause
// random crashes and/or unpredictable behaviour. Please prevent any writes to those files
// while the program is running.

Address of instruction where the signal was raised: 0x7fa38fcfc0c0
Values from siginfo_t: si_addr=0x7fa3a57f9010 si_code=2

// Contents of /proc/meminfo: {
MemTotal:       131916760 kB
MemFree:        64829616 kB
MemAvailable:   95073848 kB
Buffers:          899084 kB
Cached:         31841992 kB
SwapCached:      1737516 kB
Active:         25827732 kB
Inactive:       35238176 kB
Active(anon):    9500220 kB
Inactive(anon): 23375308 kB
Active(file):   16327512 kB
Inactive(file): 11862868 kB
Unevictable:         208 kB
Mlocked:             208 kB
SwapTotal:      33554428 kB
SwapFree:       24205932 kB
Dirty:               408 kB
Writeback:            28 kB
AnonPages:      26388852 kB
Mapped:          2248696 kB
Shmem:           4550708 kB
KReclaimable:    3493496 kB
Slab:            4755480 kB
SReclaimable:    3493496 kB
SUnreclaim:      1261984 kB
KernelStack:       91456 kB
PageTables:       481112 kB
NFS_Unstable:          0 kB
Bounce:                0 kB
WritebackTmp:          0 kB
CommitLimit:    99512808 kB
Committed_AS:   102560492 kB
VmallocTotal:   34359738367 kB
VmallocUsed:      244564 kB
VmallocChunk:          0 kB
Percpu:           384384 kB
HardwareCorrupted:     0 kB
AnonHugePages:  19595264 kB
ShmemHugePages:        0 kB
ShmemPmdMapped:        0 kB
FileHugePages:         0 kB
FilePmdMapped:         0 kB
HugePages_Total:       0
HugePages_Free:        0
HugePages_Rsvd:        0
HugePages_Surp:        0
Hugepagesize:       2048 kB
Hugetlb:               0 kB
DirectMap4k:     4105324 kB
DirectMap2M:    120610816 kB
DirectMap1G:    11534336 kB
// }

// Contents of /proc/2830506/maps: {
0000f000-00010000 ---p 00000000 00:00 0 
00400000-0294c000 r-xp 00000000 00:39 115710624                          /ihp/ihpusr/cadence/xcelium/20.09/tools.lnx86/inca/bin/64bit/xmsim
02b4c000-02b86000 r--p 0254c000 00:39 115710624                          /ihp/ihpusr/cadence/xcelium/20.09/tools.lnx86/inca/bin/64bit/xmsim
02b86000-02d45000 rw-p 02586000 00:39 115710624                          /ihp/ihpusr/cadence/xcelium/20.09/tools.lnx86/inca/bin/64bit/xmsim
02d45000-03ee0000 rw-p 00000000 00:00 0 
054ce000-059e8000 rw-p 00000000 00:00 0                                  [heap]
059e8000-05a00000 rwxp 00000000 00:00 0                                  [heap]
05a00000-05a58000 rw-p 00000000 00:00 0                                  [heap]
05a58000-05a7b000 rwxp 00000000 00:00 0                                  [heap]
05a7b000-05b56000 rw-p 00000000 00:00 0                                  [heap]
05b56000-05c52000 rwxp 00000000 00:00 0                                  [heap]
05c52000-0654e000 rw-p 00000000 00:00 0                                  [heap]
7fa38fccb000-7fa38fd40000 r-xp 00000000 00:39 71258069                   /ihp/ihpusr/cadence/xcelium/20.09/tools.lnx86/simvision/lib/64bit/libdwapi.so
7fa38fd40000-7fa38ff3f000 ---p 00075000 00:39 71258069                   /ihp/ihpusr/cadence/xcelium/20.09/tools.lnx86/simvision/lib/64bit/libdwapi.so
7fa38ff3f000-7fa38ff42000 r--p 00074000 00:39 71258069                   /ihp/ihpusr/cadence/xcelium/20.09/tools.lnx86/simvision/lib/64bit/libdwapi.so
7fa38ff42000-7fa38ff43000 rw-p 00077000 00:39 71258069                   /ihp/ihpusr/cadence/xcelium/20.09/tools.lnx86/simvision/lib/64bit/libdwapi.so
7fa38ff43000-7fa38ff5c000 r-xp 00000000 00:39 56969667                   /ihp/ihpusr/cadence/xcelium/20.09/tools.lnx86/lib/64bit/libz_sh.so
7fa38ff5c000-7fa39015b000 ---p 00019000 00:39 56969667                   /ihp/ihpusr/cadence/xcelium/20.09/tools.lnx86/lib/64bit/libz_sh.so
7fa39015b000-7fa39015c000 r--p 00018000 00:39 56969667                   /ihp/ihpusr/cadence/xcelium/20.09/tools.lnx86/lib/64bit/libz_sh.so
7fa39015c000-7fa39015d000 rw-p 00019000 00:39 56969667                   /ihp/ihpusr/cadence/xcelium/20.09/tools.lnx86/lib/64bit/libz_sh.so
7fa39015d000-7fa390687000 r-xp 00000000 00:39 76079391                   /ihp/ihpusr/cadence/xcelium/20.09/tools.lnx86/ucd/lib/64bit/libucis.so
7fa390687000-7fa390886000 ---p 0052a000 00:39 76079391                   /ihp/ihpusr/cadence/xcelium/20.09/tools.lnx86/ucd/lib/64bit/libucis.so
7fa390886000-7fa3908f0000 r--p 00529000 00:39 76079391                   /ihp/ihpusr/cadence/xcelium/20.09/tools.lnx86/ucd/lib/64bit/libucis.so
7fa3908f0000-7fa3908f1000 rw-p 00593000 00:39 76079391                   /ihp/ihpusr/cadence/xcelium/20.09/tools.lnx86/ucd/lib/64bit/libucis.so
7fa3908f1000-7fa390908000 rw-p 00000000 00:00 0 
7fa390908000-7fa390a5f000 r-xp 00000000 00:39 70360563                   /ihp/ihpusr/cadence/xcelium/20.09/tools.lnx86/inca/lib/64bit/libcfault.so
7fa390a5f000-7fa390c5f000 ---p 00157000 00:39 70360563                   /ihp/ihpusr/cadence/xcelium/20.09/tools.lnx86/inca/lib/64bit/libcfault.so
7fa390c5f000-7fa390c68000 r--p 00157000 00:39 70360563                   /ihp/ihpusr/cadence/xcelium/20.09/tools.lnx86/inca/lib/64bit/libcfault.so
7fa390c68000-7fa390c6b000 rw-p 00160000 00:39 70360563                   /ihp/ihpusr/cadence/xcelium/20.09/tools.lnx86/inca/lib/64bit/libcfault.so
7fa390c6b000-7fa390e6e000 rw-p 00000000 00:00 0 
7fa391031000-7fa39421e000 rw-p 00000000 00:00 0 
7fa39421e000-7fa3943c5000 rwxp 00000000 00:00 0 
7fa3943c5000-7fa394f18000 rw-p 00000000 00:00 0 
7fa394f18000-7fa394f39000 r-xp 00000000 00:39 15530883                   /ihp/ihpusr/cadence/xcelium/20.09/tools.lnx86/methodology/UVM/CDNS-1.1d/ml/lib/64bit/libml_uvm.so
7fa394f39000-7fa395138000 ---p 00021000 00:39 15530883                   /ihp/ihpusr/cadence/xcelium/20.09/tools.lnx86/methodology/UVM/CDNS-1.1d/ml/lib/64bit/libml_uvm.so
7fa395138000-7fa395139000 r--p 00020000 00:39 15530883                   /ihp/ihpusr/cadence/xcelium/20.09/tools.lnx86/methodology/UVM/CDNS-1.1d/ml/lib/64bit/libml_uvm.so
7fa395139000-7fa39513a000 rw-p 00021000 00:39 15530883                   /ihp/ihpusr/cadence/xcelium/20.09/tools.lnx86/methodology/UVM/CDNS-1.1d/ml/lib/64bit/libml_uvm.so
7fa39513a000-7fa39513c000 ---p 00000000 00:00 0 
7fa39513c000-7fa395938000 rwxp 00000000 00:00 0 
7fa395938000-7fa39593a000 ---p 00000000 00:00 0 
7fa39593a000-7fa395aa7000 r-xp 00000000 00:39 123125848                  /ihp/ihpusr/cadence/xcelium/20.09/tools.lnx86/lib/64bit/libStrapNC.so
7fa395aa7000-7fa395ca6000 ---p 0016d000 00:39 123125848                  /ihp/ihpusr/cadence/xcelium/20.09/tools.lnx86/lib/64bit/libStrapNC.so
7fa395ca6000-7fa395ca8000 r--p 0016c000 00:39 123125848                  /ihp/ihpusr/cadence/xcelium/20.09/tools.lnx86/lib/64bit/libStrapNC.so
7fa395ca8000-7fa395cdd000 rw-p 0016e000 00:39 123125848                  /ihp/ihpusr/cadence/xcelium/20.09/tools.lnx86/lib/64bit/libStrapNC.so
7fa395cdd000-7fa395ceb000 rw-p 00000000 00:00 0 
7fa395ceb000-7fa395d8d000 r-xp 00000000 00:39 71258072                   /ihp/ihpusr/cadence/xcelium/20.09/tools.lnx86/simvision/lib/64bit/libdcapi.so
7fa395d8d000-7fa395f8d000 ---p 000a2000 00:39 71258072                   /ihp/ihpusr/cadence/xcelium/20.09/tools.lnx86/simvision/lib/64bit/libdcapi.so
7fa395f8d000-7fa395f8e000 r--p 000a2000 00:39 71258072                   /ihp/ihpusr/cadence/xcelium/20.09/tools.lnx86/simvision/lib/64bit/libdcapi.so
7fa395f8e000-7fa395f99000 rw-p 000a3000 00:39 71258072                   /ihp/ihpusr/cadence/xcelium/20.09/tools.lnx86/simvision/lib/64bit/libdcapi.so
7fa395f99000-7fa395f9a000 rw-p 00000000 00:00 0 
7fa395f9a000-7fa395f9f000 r-xp 00000000 fd:00 2364090                    /usr/lib64/libnss_dns-2.28.so
7fa395f9f000-7fa39619f000 ---p 00005000 fd:00 2364090                    /usr/lib64/libnss_dns-2.28.so
7fa39619f000-7fa3961a0000 r--p 00005000 fd:00 2364090                    /usr/lib64/libnss_dns-2.28.so
7fa3961a0000-7fa3961a1000 rw-p 00006000 fd:00 2364090                    /usr/lib64/libnss_dns-2.28.so
7fa3961a1000-7fa3961b5000 r-xp 00000000 fd:00 2386881                    /usr/lib64/libresolv-2.28.so
7fa3961b5000-7fa3963b5000 ---p 00014000 fd:00 2386881                    /usr/lib64/libresolv-2.28.so
7fa3963b5000-7fa3963b6000 r--p 00014000 fd:00 2386881                    /usr/lib64/libresolv-2.28.so
7fa3963b6000-7fa3963b7000 rw-p 00015000 fd:00 2386881                    /usr/lib64/libresolv-2.28.so
7fa3963b7000-7fa3963b9000 rw-p 00000000 00:00 0 
7fa3963b9000-7fa3963bc000 r-xp 00000000 fd:00 2374408                    /usr/lib64/libnss_mdns4_minimal.so.2
7fa3963bc000-7fa3965bc000 ---p 00003000 fd:00 2374408                    /usr/lib64/libnss_mdns4_minimal.so.2
7fa3965bc000-7fa3965bd000 r--p 00003000 fd:00 2374408                    /usr/lib64/libnss_mdns4_minimal.so.2
7fa3965bd000-7fa3965be000 rw-p 00000000 00:00 0 
7fa3965be000-7fa396e92000 r--s 00000000 fd:03 2754531                    /var/lib/sss/mc/passwd
7fa396e92000-7fa396e9c000 r-xp 00000000 fd:00 2376648                    /usr/lib64/libnss_sss.so.2
7fa396e9c000-7fa39709b000 ---p 0000a000 fd:00 2376648                    /usr/lib64/libnss_sss.so.2
7fa39709b000-7fa39709c000 r--p 00009000 fd:00 2376648                    /usr/lib64/libnss_sss.so.2
7fa39709c000-7fa39709d000 rw-p 0000a000 fd:00 2376648                    /usr/lib64/libnss_sss.so.2
7fa39709d000-7fa3970a8000 r-xp 00000000 fd:00 2364092                    /usr/lib64/libnss_files-2.28.so
7fa3970a8000-7fa3972a8000 ---p 0000b000 fd:00 2364092                    /usr/lib64/libnss_files-2.28.so
7fa3972a8000-7fa3972a9000 r--p 0000b000 fd:00 2364092                    /usr/lib64/libnss_files-2.28.so
7fa3972a9000-7fa3972aa000 rw-p 0000c000 fd:00 2364092                    /usr/lib64/libnss_files-2.28.so
7fa3972aa000-7fa3972b0000 rw-p 00000000 00:00 0 
7fa3972b0000-7fa3a4266000 r--p 00000000 fd:00 2491133                    /usr/lib/locale/locale-archive
7fa3a4266000-7fa3a42c3000 r-xp 00000000 00:39 119759428                  /ihp/ihpusr/cadence/xcelium/20.09/tools.lnx86/inca/lib/64bit/libcbreakpad.so
7fa3a42c3000-7fa3a44c3000 ---p 0005d000 00:39 119759428                  /ihp/ihpusr/cadence/xcelium/20.09/tools.lnx86/inca/lib/64bit/libcbreakpad.so
7fa3a44c3000-7fa3a44c4000 r--p 0005d000 00:39 119759428                  /ihp/ihpusr/cadence/xcelium/20.09/tools.lnx86/inca/lib/64bit/libcbreakpad.so
7fa3a44c4000-7fa3a44c7000 rw-p 0005e000 00:39 119759428                  /ihp/ihpusr/cadence/xcelium/20.09/tools.lnx86/inca/lib/64bit/libcbreakpad.so
7fa3a44c7000-7fa3a44ce000 rw-p 00000000 00:00 0 
7fa3a44ce000-7fa3a469b000 r-xp 00000000 fd:00 2364080                    /usr/lib64/libc-2.28.so
7fa3a469b000-7fa3a489a000 ---p 001cd000 fd:00 2364080                    /usr/lib64/libc-2.28.so
7fa3a489a000-7fa3a489e000 r--p 001cc000 fd:00 2364080                    /usr/lib64/libc-2.28.so
7fa3a489e000-7fa3a48a0000 rw-p 001d0000 fd:00 2364080                    /usr/lib64/libc-2.28.so
7fa3a48a0000-7fa3a48a4000 rw-p 00000000 00:00 0 
7fa3a48a4000-7fa3a48ba000 r-xp 00000000 00:39 106553690                  /ihp/ihpusr/cadence/xcelium/20.09/tools.lnx86/lib/64bit/libgcc_s.so.1
7fa3a48ba000-7fa3a4ab9000 ---p 00016000 00:39 106553690                  /ihp/ihpusr/cadence/xcelium/20.09/tools.lnx86/lib/64bit/libgcc_s.so.1
7fa3a4ab9000-7fa3a4aba000 r--p 00015000 00:39 106553690                  /ihp/ihpusr/cadence/xcelium/20.09/tools.lnx86/lib/64bit/libgcc_s.so.1
7fa3a4aba000-7fa3a4abb000 rw-p 00016000 00:39 106553690                  /ihp/ihpusr/cadence/xcelium/20.09/tools.lnx86/lib/64bit/libgcc_s.so.1
7fa3a4abb000-7fa3a4c2d000 r-xp 00000000 00:39 60681178                   /ihp/ihpusr/cadence/xcelium/20.09/tools.lnx86/lib/64bit/libstdc++.so.6.0.22
7fa3a4c2d000-7fa3a4e2c000 ---p 00172000 00:39 60681178                   /ihp/ihpusr/cadence/xcelium/20.09/tools.lnx86/lib/64bit/libstdc++.so.6.0.22
7fa3a4e2c000-7fa3a4e36000 r--p 00171000 00:39 60681178                   /ihp/ihpusr/cadence/xcelium/20.09/tools.lnx86/lib/64bit/libstdc++.so.6.0.22
7fa3a4e36000-7fa3a4e38000 rw-p 0017b000 00:39 60681178                   /ihp/ihpusr/cadence/xcelium/20.09/tools.lnx86/lib/64bit/libstdc++.so.6.0.22
7fa3a4e38000-7fa3a4e3c000 rw-p 00000000 00:00 0 
7fa3a4e3c000-7fa3a4fbd000 r-xp 00000000 fd:00 2364084                    /usr/lib64/libm-2.28.so
7fa3a4fbd000-7fa3a51bc000 ---p 00181000 fd:00 2364084                    /usr/lib64/libm-2.28.so
7fa3a51bc000-7fa3a51bd000 r--p 00180000 fd:00 2364084                    /usr/lib64/libm-2.28.so
7fa3a51bd000-7fa3a51be000 rw-p 00181000 fd:00 2364084                    /usr/lib64/libm-2.28.so
7fa3a51be000-7fa3a51c1000 r-xp 00000000 fd:00 2364082                    /usr/lib64/libdl-2.28.so
7fa3a51c1000-7fa3a53c0000 ---p 00003000 fd:00 2364082                    /usr/lib64/libdl-2.28.so
7fa3a53c0000-7fa3a53c1000 r--p 00002000 fd:00 2364082                    /usr/lib64/libdl-2.28.so
7fa3a53c1000-7fa3a53c2000 rw-p 00003000 fd:00 2364082                    /usr/lib64/libdl-2.28.so
7fa3a53c2000-7fa3a53dd000 r-xp 00000000 fd:00 2386879                    /usr/lib64/libpthread-2.28.so
7fa3a53dd000-7fa3a55dc000 ---p 0001b000 fd:00 2386879                    /usr/lib64/libpthread-2.28.so
7fa3a55dc000-7fa3a55dd000 r--p 0001a000 fd:00 2386879                    /usr/lib64/libpthread-2.28.so
7fa3a55dd000-7fa3a55de000 rw-p 0001b000 fd:00 2386879                    /usr/lib64/libpthread-2.28.so
7fa3a55de000-7fa3a55e2000 rw-p 00000000 00:00 0 
7fa3a55e2000-7fa3a5611000 r-xp 00000000 fd:00 2364073                    /usr/lib64/ld-2.28.so
7fa3a5612000-7fa3a575e000 rw-p 00000000 00:00 0 
7fa3a575e000-7fa3a5760000 ---p 00000000 00:00 0 
7fa3a5760000-7fa3a57a0000 rw-p 00000000 00:00 0 
7fa3a57a0000-7fa3a57a2000 ---p 00000000 00:00 0 
7fa3a57a2000-7fa3a57a4000 rw-p 00000000 00:00 0 
7fa3a57a4000-7fa3a57a6000 ---p 00000000 00:00 0 
7fa3a57a6000-7fa3a57e6000 rw-p 00000000 00:00 0 
7fa3a57e6000-7fa3a57e8000 ---p 00000000 00:00 0 
7fa3a57e8000-7fa3a57f1000 rw-p 00000000 00:00 0 
7fa3a57f9000-7fa3a5809000 rw-s 00000000 00:33 58750693                   /home/miglioranza/Mapper/Mapper.sim/sim_1/behav/xcelium_FI/waves.shm/waves.dsn (deleted)
7fa3a5809000-7fa3a580b000 rw-p 00000000 00:00 0 
7fa3a580b000-7fa3a580f000 r--p 00000000 00:00 0                          [vvar]
7fa3a580f000-7fa3a5811000 r-xp 00000000 00:00 0                          [vdso]
7fa3a5811000-7fa3a5812000 r--p 0002f000 fd:00 2364073                    /usr/lib64/ld-2.28.so
7fa3a5812000-7fa3a5814000 rw-p 00030000 fd:00 2364073                    /usr/lib64/ld-2.28.so
7fffca57d000-7fffca603000 rwxp 00000000 00:00 0                          [stack]
ffffffffff600000-ffffffffff601000 r-xp 00000000 00:00 0                  [vsyscall]
// }

// Contents of /proc/2830506/smaps: {
0000f000-00010000 ---p 00000000 00:00 0 
Size:                  4 kB
KernelPageSize:        4 kB
MMUPageSize:           4 kB
Rss:                   0 kB
Pss:                   0 kB
Shared_Clean:          0 kB
Shared_Dirty:          0 kB
Private_Clean:         0 kB
Private_Dirty:         0 kB
Referenced:            0 kB
Anonymous:             0 kB
LazyFree:              0 kB
AnonHugePages:         0 kB
ShmemPmdMapped:        0 kB
FilePmdMapped:         0 kB
Shared_Hugetlb:        0 kB
Private_Hugetlb:       0 kB
Swap:                  0 kB
SwapPss:               0 kB
Locked:                0 kB
THPeligible:    1
VmFlags: mr mw me lo sd 
00400000-0294c000 r-xp 00000000 00:39 115710624                          /ihp/ihpusr/cadence/xcelium/20.09/tools.lnx86/inca/bin/64bit/xmsim
Size:              38192 kB
KernelPageSize:        4 kB
MMUPageSize:           4 kB
Rss:               18668 kB
Pss:                 828 kB
Shared_Clean:      18668 kB
Shared_Dirty:          0 kB
Private_Clean:         0 kB
Private_Dirty:         0 kB
Referenced:        18668 kB
Anonymous:             0 kB
LazyFree:              0 kB
AnonHugePages:         0 kB
ShmemPmdMapped:        0 kB
FilePmdMapped:         0 kB
Shared_Hugetlb:        0 kB
Private_Hugetlb:       0 kB
Swap:                  0 kB
SwapPss:               0 kB
Locked:                0 kB
THPeligible:    0
VmFlags: rd ex mr mw me dw sd 
02b4c000-02b86000 r--p 0254c000 00:39 115710624                          /ihp/ihpusr/cadence/xcelium/20.09/tools.lnx86/inca/bin/64bit/xmsim
Size:                232 kB
KernelPageSize:        4 kB
MMUPageSize:           4 kB
Rss:                 216 kB
Pss:                  20 kB
Shared_Clean:        200 kB
Shared_Dirty:          0 kB
Private_Clean:         0 kB
Private_Dirty:        16 kB
Referenced:          216 kB
Anonymous:            16 kB
LazyFree:              0 kB
AnonHugePages:         0 kB
ShmemPmdMapped:        0 kB
FilePmdMapped:         0 kB
Shared_Hugetlb:        0 kB
Private_Hugetlb:       0 kB
Swap:                  0 kB
SwapPss:               0 kB
Locked:                0 kB
THPeligible:    0
VmFlags: rd mr mw me dw ac sd 
02b86000-02d45000 rw-p 02586000 00:39 115710624                          /ihp/ihpusr/cadence/xcelium/20.09/tools.lnx86/inca/bin/64bit/xmsim
Size:               1788 kB
KernelPageSize:        4 kB
MMUPageSize:           4 kB
Rss:                 896 kB
Pss:                 304 kB
Shared_Clean:        612 kB
Shared_Dirty:          0 kB
Private_Clean:         0 kB
Private_Dirty:       284 kB
Referenced:          896 kB
Anonymous:           284 kB
LazyFree:              0 kB
AnonHugePages:         0 kB
ShmemPmdMapped:        0 kB
FilePmdMapped:         0 kB
Shared_Hugetlb:        0 kB
Private_Hugetlb:       0 kB
Swap:                  0 kB
SwapPss:               0 kB
Locked:                0 kB
THPeligible:    0
VmFlags: rd wr mr mw me dw ac sd 
02d45000-03ee0000 rw-p 00000000 00:00 0 
Size:              18028 kB
KernelPageSize:        4 kB
MMUPageSize:           4 kB
Rss:               15232 kB
Pss:               15232 kB
Shared_Clean:          0 kB
Shared_Dirty:          0 kB
Private_Clean:         0 kB
Private_Dirty:     15232 kB
Referenced:        15232 kB
Anonymous:         15232 kB
LazyFree:              0 kB
AnonHugePages:     12288 kB
ShmemPmdMapped:        0 kB
FilePmdMapped:         0 kB
Shared_Hugetlb:        0 kB
Private_Hugetlb:       0 kB
Swap:                  0 kB
SwapPss:               0 kB
Locked:                0 kB
THPeligible:    1
VmFlags: rd wr mr mw me ac sd 
054ce000-059e8000 rw-p 00000000 00:00 0                                  [heap]
Size:               5224 kB
KernelPageSize:        4 kB
MMUPageSize:           4 kB
Rss:                4640 kB
Pss:                4640 kB
Shared_Clean:          0 kB
Shared_Dirty:          0 kB
Private_Clean:         0 kB
Private_Dirty:      4640 kB
Referenced:         4640 kB
Anonymous:          4640 kB
LazyFree:              0 kB
AnonHugePages:         0 kB
ShmemPmdMapped:        0 kB
FilePmdMapped:         0 kB
Shared_Hugetlb:        0 kB
Private_Hugetlb:       0 kB
Swap:                  0 kB
SwapPss:               0 kB
Locked:                0 kB
THPeligible:    1
VmFlags: rd wr mr mw me ac sd 
059e8000-05a00000 rwxp 00000000 00:00 0                                  [heap]
Size:                 96 kB
KernelPageSize:        4 kB
MMUPageSize:           4 kB
Rss:                  96 kB
Pss:                  96 kB
Shared_Clean:          0 kB
Shared_Dirty:          0 kB
Private_Clean:         0 kB
Private_Dirty:        96 kB
Referenced:           96 kB
Anonymous:            96 kB
LazyFree:              0 kB
AnonHugePages:         0 kB
ShmemPmdMapped:        0 kB
FilePmdMapped:         0 kB
Shared_Hugetlb:        0 kB
Private_Hugetlb:       0 kB
Swap:                  0 kB
SwapPss:               0 kB
Locked:                0 kB
THPeligible:    0
VmFlags: rd wr ex mr mw me ac sd 
05a00000-05a58000 rw-p 00000000 00:00 0                                  [heap]
Size:                352 kB
KernelPageSize:        4 kB
MMUPageSize:           4 kB
Rss:                 352 kB
Pss:                 352 kB
Shared_Clean:          0 kB
Shared_Dirty:          0 kB
Private_Clean:         0 kB
Private_Dirty:       352 kB
Referenced:          352 kB
Anonymous:           352 kB
LazyFree:              0 kB
AnonHugePages:         0 kB
ShmemPmdMapped:        0 kB
FilePmdMapped:         0 kB
Shared_Hugetlb:        0 kB
Private_Hugetlb:       0 kB
Swap:                  0 kB
SwapPss:               0 kB
Locked:                0 kB
THPeligible:    0
VmFlags: rd wr mr mw me ac sd 
05a58000-05a7b000 rwxp 00000000 00:00 0                                  [heap]
Size:                140 kB
KernelPageSize:        4 kB
MMUPageSize:           4 kB
Rss:                 140 kB
Pss:                 140 kB
Shared_Clean:          0 kB
Shared_Dirty:          0 kB
Private_Clean:         0 kB
Private_Dirty:       140 kB
Referenced:          140 kB
Anonymous:           140 kB
LazyFree:              0 kB
AnonHugePages:         0 kB
ShmemPmdMapped:        0 kB
FilePmdMapped:         0 kB
Shared_Hugetlb:        0 kB
Private_Hugetlb:       0 kB
Swap:                  0 kB
SwapPss:               0 kB
Locked:                0 kB
THPeligible:    0
VmFlags: rd wr ex mr mw me ac sd 
05a7b000-05b56000 rw-p 00000000 00:00 0                                  [heap]
Size:                876 kB
KernelPageSize:        4 kB
MMUPageSize:           4 kB
Rss:                 876 kB
Pss:                 876 kB
Shared_Clean:          0 kB
Shared_Dirty:          0 kB
Private_Clean:         0 kB
Private_Dirty:       876 kB
Referenced:          876 kB
Anonymous:           876 kB
LazyFree:              0 kB
AnonHugePages:         0 kB
ShmemPmdMapped:        0 kB
FilePmdMapped:         0 kB
Shared_Hugetlb:        0 kB
Private_Hugetlb:       0 kB
Swap:                  0 kB
SwapPss:               0 kB
Locked:                0 kB
THPeligible:    0
VmFlags: rd wr mr mw me ac sd 
05b56000-05c52000 rwxp 00000000 00:00 0                                  [heap]
Size:               1008 kB
KernelPageSize:        4 kB
MMUPageSize:           4 kB
Rss:                1008 kB
Pss:                1008 kB
Shared_Clean:          0 kB
Shared_Dirty:          0 kB
Private_Clean:         0 kB
Private_Dirty:      1008 kB
Referenced:         1008 kB
Anonymous:          1008 kB
LazyFree:              0 kB
AnonHugePages:         0 kB
ShmemPmdMapped:        0 kB
FilePmdMapped:         0 kB
Shared_Hugetlb:        0 kB
Private_Hugetlb:       0 kB
Swap:                  0 kB
SwapPss:               0 kB
Locked:                0 kB
THPeligible:    0
VmFlags: rd wr ex mr mw me ac sd 
05c52000-0654e000 rw-p 00000000 00:00 0                                  [heap]
Size:               9200 kB
KernelPageSize:        4 kB
MMUPageSize:           4 kB
Rss:                9120 kB
Pss:                9120 kB
Shared_Clean:          0 kB
Shared_Dirty:          0 kB
Private_Clean:         0 kB
Private_Dirty:      9120 kB
Referenced:         9120 kB
Anonymous:          9120 kB
LazyFree:              0 kB
AnonHugePages:         0 kB
ShmemPmdMapped:        0 kB
FilePmdMapped:         0 kB
Shared_Hugetlb:        0 kB
Private_Hugetlb:       0 kB
Swap:                  0 kB
SwapPss:               0 kB
Locked:                0 kB
THPeligible:    1
VmFlags: rd wr mr mw me ac sd 
7fa38fccb000-7fa38fd40000 r-xp 00000000 00:39 71258069                   /ihp/ihpusr/cadence/xcelium/20.09/tools.lnx86/simvision/lib/64bit/libdwapi.so
Size:                468 kB
KernelPageSize:        4 kB
MMUPageSize:           4 kB
Rss:                 340 kB
Pss:                  27 kB
Shared_Clean:        340 kB
Shared_Dirty:          0 kB
Private_Clean:         0 kB
Private_Dirty:         0 kB
Referenced:          340 kB
Anonymous:             0 kB
LazyFree:              0 kB
AnonHugePages:         0 kB
ShmemPmdMapped:        0 kB
FilePmdMapped:         0 kB
Shared_Hugetlb:        0 kB
Private_Hugetlb:       0 kB
Swap:                  0 kB
SwapPss:               0 kB
Locked:                0 kB
THPeligible:    0
VmFlags: rd ex mr mw me sd 
7fa38fd40000-7fa38ff3f000 ---p 00075000 00:39 71258069                   /ihp/ihpusr/cadence/xcelium/20.09/tools.lnx86/simvision/lib/64bit/libdwapi.so
Size:               2044 kB
KernelPageSize:        4 kB
MMUPageSize:           4 kB
Rss:                   0 kB
Pss:                   0 kB
Shared_Clean:          0 kB
Shared_Dirty:          0 kB
Private_Clean:         0 kB
Private_Dirty:         0 kB
Referenced:            0 kB
Anonymous:             0 kB
LazyFree:              0 kB
AnonHugePages:         0 kB
ShmemPmdMapped:        0 kB
FilePmdMapped:         0 kB
Shared_Hugetlb:        0 kB
Private_Hugetlb:       0 kB
Swap:                  0 kB
SwapPss:               0 kB
Locked:                0 kB
THPeligible:    0
VmFlags: mr mw me sd 
7fa38ff3f000-7fa38ff42000 r--p 00074000 00:39 71258069                   /ihp/ihpusr/cadence/xcelium/20.09/tools.lnx86/simvision/lib/64bit/libdwapi.so
Size:                 12 kB
KernelPageSize:        4 kB
MMUPageSize:           4 kB
Rss:                  12 kB
Pss:                  12 kB
Shared_Clean:          0 kB
Shared_Dirty:          0 kB
Private_Clean:         0 kB
Private_Dirty:        12 kB
Referenced:           12 kB
Anonymous:            12 kB
LazyFree:              0 kB
AnonHugePages:         0 kB
ShmemPmdMapped:        0 kB
FilePmdMapped:         0 kB
Shared_Hugetlb:        0 kB
Private_Hugetlb:       0 kB
Swap:                  0 kB
SwapPss:               0 kB
Locked:                0 kB
THPeligible:    0
VmFlags: rd mr mw me ac sd 
7fa38ff42000-7fa38ff43000 rw-p 00077000 00:39 71258069                   /ihp/ihpusr/cadence/xcelium/20.09/tools.lnx86/simvision/lib/64bit/libdwapi.so
Size:                  4 kB
KernelPageSize:        4 kB
MMUPageSize:           4 kB
Rss:                   4 kB
Pss:                   4 kB
Shared_Clean:          0 kB
Shared_Dirty:          0 kB
Private_Clean:         0 kB
Private_Dirty:         4 kB
Referenced:            4 kB
Anonymous:             4 kB
LazyFree:              0 kB
AnonHugePages:         0 kB
ShmemPmdMapped:        0 kB
FilePmdMapped:         0 kB
Shared_Hugetlb:        0 kB
Private_Hugetlb:       0 kB
Swap:                  0 kB
SwapPss:               0 kB
Locked:                0 kB
THPeligible:    0
VmFlags: rd wr mr mw me ac sd 
7fa38ff43000-7fa38ff5c000 r-xp 00000000 00:39 56969667                   /ihp/ihpusr/cadence/xcelium/20.09/tools.lnx86/lib/64bit/libz_sh.so
Size:                100 kB
KernelPageSize:        4 kB
MMUPageSize:           4 kB
Rss:                  64 kB
Pss:                   5 kB
Shared_Clean:         64 kB
Shared_Dirty:          0 kB
Private_Clean:         0 kB
Private_Dirty:         0 kB
Referenced:           64 kB
Anonymous:             0 kB
LazyFree:              0 kB
AnonHugePages:         0 kB
ShmemPmdMapped:        0 kB
FilePmdMapped:         0 kB
Shared_Hugetlb:        0 kB
Private_Hugetlb:       0 kB
Swap:                  0 kB
SwapPss:               0 kB
Locked:                0 kB
THPeligible:    0
VmFlags: rd ex mr mw me sd 
7fa38ff5c000-7fa39015b000 ---p 00019000 00:39 56969667                   /ihp/ihpusr/cadence/xcelium/20.09/tools.lnx86/lib/64bit/libz_sh.so
Size:               2044 kB
KernelPageSize:        4 kB
MMUPageSize:           4 kB
Rss:                   0 kB
Pss:                   0 kB
Shared_Clean:          0 kB
Shared_Dirty:          0 kB
Private_Clean:         0 kB
Private_Dirty:         0 kB
Referenced:            0 kB
Anonymous:             0 kB
LazyFree:              0 kB
AnonHugePages:         0 kB
ShmemPmdMapped:        0 kB
FilePmdMapped:         0 kB
Shared_Hugetlb:        0 kB
Private_Hugetlb:       0 kB
Swap:                  0 kB
SwapPss:               0 kB
Locked:                0 kB
THPeligible:    0
VmFlags: mr mw me sd 
7fa39015b000-7fa39015c000 r--p 00018000 00:39 56969667                   /ihp/ihpusr/cadence/xcelium/20.09/tools.lnx86/lib/64bit/libz_sh.so
Size:                  4 kB
KernelPageSize:        4 kB
MMUPageSize:           4 kB
Rss:                   4 kB
Pss:                   4 kB
Shared_Clean:          0 kB
Shared_Dirty:          0 kB
Private_Clean:         0 kB
Private_Dirty:         4 kB
Referenced:            4 kB
Anonymous:             4 kB
LazyFree:              0 kB
AnonHugePages:         0 kB
ShmemPmdMapped:        0 kB
FilePmdMapped:         0 kB
Shared_Hugetlb:        0 kB
Private_Hugetlb:       0 kB
Swap:                  0 kB
SwapPss:               0 kB
Locked:                0 kB
THPeligible:    0
VmFlags: rd mr mw me ac sd 
7fa39015c000-7fa39015d000 rw-p 00019000 00:39 56969667                   /ihp/ihpusr/cadence/xcelium/20.09/tools.lnx86/lib/64bit/libz_sh.so
Size:                  4 kB
KernelPageSize:        4 kB
MMUPageSize:           4 kB
Rss:                   4 kB
Pss:                   4 kB
Shared_Clean:          0 kB
Shared_Dirty:          0 kB
Private_Clean:         0 kB
Private_Dirty:         4 kB
Referenced:            4 kB
Anonymous:             4 kB
LazyFree:              0 kB
AnonHugePages:         0 kB
ShmemPmdMapped:        0 kB
FilePmdMapped:         0 kB
Shared_Hugetlb:        0 kB
Private_Hugetlb:       0 kB
Swap:                  0 kB
SwapPss:               0 kB
Locked:                0 kB
THPeligible:    0
VmFlags: rd wr mr mw me ac sd 
7fa39015d000-7fa390687000 r-xp 00000000 00:39 76079391                   /ihp/ihpusr/cadence/xcelium/20.09/tools.lnx86/ucd/lib/64bit/libucis.so
Size:               5288 kB
KernelPageSize:        4 kB
MMUPageSize:           4 kB
Rss:                4256 kB
Pss:                 332 kB
Shared_Clean:       4256 kB
Shared_Dirty:          0 kB
Private_Clean:         0 kB
Private_Dirty:         0 kB
Referenced:         4256 kB
Anonymous:             0 kB
LazyFree:              0 kB
AnonHugePages:         0 kB
ShmemPmdMapped:        0 kB
FilePmdMapped:         0 kB
Shared_Hugetlb:        0 kB
Private_Hugetlb:       0 kB
Swap:                  0 kB
SwapPss:               0 kB
Locked:                0 kB
THPeligible:    0
VmFlags: rd ex mr mw me sd 
7fa390687000-7fa390886000 ---p 0052a000 00:39 76079391                   /ihp/ihpusr/cadence/xcelium/20.09/tools.lnx86/ucd/lib/64bit/libucis.so
Size:               2044 kB
KernelPageSize:        4 kB
MMUPageSize:           4 kB
Rss:                   0 kB
Pss:                   0 kB
Shared_Clean:          0 kB
Shared_Dirty:          0 kB
Private_Clean:         0 kB
Private_Dirty:         0 kB
Referenced:            0 kB
Anonymous:             0 kB
LazyFree:              0 kB
AnonHugePages:         0 kB
ShmemPmdMapped:        0 kB
FilePmdMapped:         0 kB
Shared_Hugetlb:        0 kB
Private_Hugetlb:       0 kB
Swap:                  0 kB
SwapPss:               0 kB
Locked:                0 kB
THPeligible:    0
VmFlags: mr mw me sd 
7fa390886000-7fa3908f0000 r--p 00529000 00:39 76079391                   /ihp/ihpusr/cadence/xcelium/20.09/tools.lnx86/ucd/lib/64bit/libucis.so
Size:                424 kB
KernelPageSize:        4 kB
MMUPageSize:           4 kB
Rss:                 424 kB
Pss:                 424 kB
Shared_Clean:          0 kB
Shared_Dirty:          0 kB
Private_Clean:         0 kB
Private_Dirty:       424 kB
Referenced:          424 kB
Anonymous:           424 kB
LazyFree:              0 kB
AnonHugePages:         0 kB
ShmemPmdMapped:        0 kB
FilePmdMapped:         0 kB
Shared_Hugetlb:        0 kB
Private_Hugetlb:       0 kB
Swap:                  0 kB
SwapPss:               0 kB
Locked:                0 kB
THPeligible:    0
VmFlags: rd mr mw me ac sd 
7fa3908f0000-7fa3908f1000 rw-p 00593000 00:39 76079391                   /ihp/ihpusr/cadence/xcelium/20.09/tools.lnx86/ucd/lib/64bit/libucis.so
Size:                  4 kB
KernelPageSize:        4 kB
MMUPageSize:           4 kB
Rss:                   4 kB
Pss:                   4 kB
Shared_Clean:          0 kB
Shared_Dirty:          0 kB
Private_Clean:         0 kB
Private_Dirty:         4 kB
Referenced:            4 kB
Anonymous:             4 kB
LazyFree:              0 kB
AnonHugePages:         0 kB
ShmemPmdMapped:        0 kB
FilePmdMapped:         0 kB
Shared_Hugetlb:        0 kB
Private_Hugetlb:       0 kB
Swap:                  0 kB
SwapPss:               0 kB
Locked:                0 kB
THPeligible:    0
VmFlags: rd wr mr mw me ac sd 
7fa3908f1000-7fa390908000 rw-p 00000000 00:00 0 
Size:                 92 kB
KernelPageSize:        4 kB
MMUPageSize:           4 kB
Rss:                  88 kB
Pss:                  88 kB
Shared_Clean:          0 kB
Shared_Dirty:          0 kB
Private_Clean:         0 kB
Private_Dirty:        88 kB
Referenced:           88 kB
Anonymous:            88 kB
LazyFree:              0 kB
AnonHugePages:         0 kB
ShmemPmdMapped:        0 kB
FilePmdMapped:         0 kB
Shared_Hugetlb:        0 kB
Private_Hugetlb:       0 kB
Swap:                  0 kB
SwapPss:               0 kB
Locked:                0 kB
THPeligible:    0
VmFlags: rd wr mr mw me ac sd 
7fa390908000-7fa390a5f000 r-xp 00000000 00:39 70360563                   /ihp/ihpusr/cadence/xcelium/20.09/tools.lnx86/inca/lib/64bit/libcfault.so
Size:               1372 kB
KernelPageSize:        4 kB
MMUPageSize:           4 kB
Rss:                 660 kB
Pss:                  60 kB
Shared_Clean:        656 kB
Shared_Dirty:          0 kB
Private_Clean:         4 kB
Private_Dirty:         0 kB
Referenced:          660 kB
Anonymous:             0 kB
LazyFree:              0 kB
AnonHugePages:         0 kB
ShmemPmdMapped:        0 kB
FilePmdMapped:         0 kB
Shared_Hugetlb:        0 kB
Private_Hugetlb:       0 kB
Swap:                  0 kB
SwapPss:               0 kB
Locked:                0 kB
THPeligible:    0
VmFlags: rd ex mr mw me sd 
7fa390a5f000-7fa390c5f000 ---p 00157000 00:39 70360563                   /ihp/ihpusr/cadence/xcelium/20.09/tools.lnx86/inca/lib/64bit/libcfault.so
Size:               2048 kB
KernelPageSize:        4 kB
MMUPageSize:           4 kB
Rss:                   0 kB
Pss:                   0 kB
Shared_Clean:          0 kB
Shared_Dirty:          0 kB
Private_Clean:         0 kB
Private_Dirty:         0 kB
Referenced:            0 kB
Anonymous:             0 kB
LazyFree:              0 kB
AnonHugePages:         0 kB
ShmemPmdMapped:        0 kB
FilePmdMapped:         0 kB
Shared_Hugetlb:        0 kB
Private_Hugetlb:       0 kB
Swap:                  0 kB
SwapPss:               0 kB
Locked:                0 kB
THPeligible:    0
VmFlags: mr mw me sd 
7fa390c5f000-7fa390c68000 r--p 00157000 00:39 70360563                   /ihp/ihpusr/cadence/xcelium/20.09/tools.lnx86/inca/lib/64bit/libcfault.so
Size:                 36 kB
KernelPageSize:        4 kB
MMUPageSize:           4 kB
Rss:                  36 kB
Pss:                  36 kB
Shared_Clean:          0 kB
Shared_Dirty:          0 kB
Private_Clean:         0 kB
Private_Dirty:        36 kB
Referenced:           36 kB
Anonymous:            36 kB
LazyFree:              0 kB
AnonHugePages:         0 kB
ShmemPmdMapped:        0 kB
FilePmdMapped:         0 kB
Shared_Hugetlb:        0 kB
Private_Hugetlb:       0 kB
Swap:                  0 kB
SwapPss:               0 kB
Locked:                0 kB
THPeligible:    0
VmFlags: rd mr mw me ac sd 
7fa390c68000-7fa390c6b000 rw-p 00160000 00:39 70360563                   /ihp/ihpusr/cadence/xcelium/20.09/tools.lnx86/inca/lib/64bit/libcfault.so
Size:                 12 kB
KernelPageSize:        4 kB
MMUPageSize:           4 kB
Rss:                  12 kB
Pss:                  12 kB
Shared_Clean:          0 kB
Shared_Dirty:          0 kB
Private_Clean:         0 kB
Private_Dirty:        12 kB
Referenced:           12 kB
Anonymous:            12 kB
LazyFree:              0 kB
AnonHugePages:         0 kB
ShmemPmdMapped:        0 kB
FilePmdMapped:         0 kB
Shared_Hugetlb:        0 kB
Private_Hugetlb:       0 kB
Swap:                  0 kB
SwapPss:               0 kB
Locked:                0 kB
THPeligible:    0
VmFlags: rd wr mr mw me ac sd 
7fa390c6b000-7fa390e6e000 rw-p 00000000 00:00 0 
Size:               2060 kB
KernelPageSize:        4 kB
MMUPageSize:           4 kB
Rss:                2056 kB
Pss:                2056 kB
Shared_Clean:          0 kB
Shared_Dirty:          0 kB
Private_Clean:         0 kB
Private_Dirty:      2056 kB
Referenced:         2056 kB
Anonymous:          2056 kB
LazyFree:              0 kB
AnonHugePages:         0 kB
ShmemPmdMapped:        0 kB
FilePmdMapped:         0 kB
Shared_Hugetlb:        0 kB
Private_Hugetlb:       0 kB
Swap:                  0 kB
SwapPss:               0 kB
Locked:                0 kB
THPeligible:    0
VmFlags: rd wr mr mw me ac sd 
7fa391031000-7fa39421e000 rw-p 00000000 00:00 0 
Size:              51124 kB
KernelPageSize:        4 kB
MMUPageSize:           4 kB
Rss:               51124 kB
Pss:               51124 kB
Shared_Clean:          0 kB
Shared_Dirty:          0 kB
Private_Clean:         0 kB
Private_Dirty:     51124 kB
Referenced:        51124 kB
Anonymous:         51124 kB
LazyFree:              0 kB
AnonHugePages:     38912 kB
ShmemPmdMapped:        0 kB
FilePmdMapped:         0 kB
Shared_Hugetlb:        0 kB
Private_Hugetlb:       0 kB
Swap:                  0 kB
SwapPss:               0 kB
Locked:                0 kB
THPeligible:    1
VmFlags: rd wr mr mw me ac sd 
7fa39421e000-7fa3943c5000 rwxp 00000000 00:00 0 
Size:               1692 kB
KernelPageSize:        4 kB
MMUPageSize:           4 kB
Rss:                1692 kB
Pss:                1692 kB
Shared_Clean:          0 kB
Shared_Dirty:          0 kB
Private_Clean:         0 kB
Private_Dirty:      1692 kB
Referenced:         1692 kB
Anonymous:          1692 kB
LazyFree:              0 kB
AnonHugePages:         0 kB
ShmemPmdMapped:        0 kB
FilePmdMapped:         0 kB
Shared_Hugetlb:        0 kB
Private_Hugetlb:       0 kB
Swap:                  0 kB
SwapPss:               0 kB
Locked:                0 kB
THPeligible:    0
VmFlags: rd wr ex mr mw me ac sd 
7fa3943c5000-7fa394f18000 rw-p 00000000 00:00 0 
Size:              11596 kB
KernelPageSize:        4 kB
MMUPageSize:           4 kB
Rss:               11596 kB
Pss:               11596 kB
Shared_Clean:          0 kB
Shared_Dirty:          0 kB
Private_Clean:         0 kB
Private_Dirty:     11596 kB
Referenced:        11596 kB
Anonymous:         11596 kB
LazyFree:              0 kB
AnonHugePages:      8192 kB
ShmemPmdMapped:        0 kB
FilePmdMapped:         0 kB
Shared_Hugetlb:        0 kB
Private_Hugetlb:       0 kB
Swap:                  0 kB
SwapPss:               0 kB
Locked:                0 kB
THPeligible:    1
VmFlags: rd wr mr mw me ac sd 
7fa394f18000-7fa394f39000 r-xp 00000000 00:39 15530883                   /ihp/ihpusr/cadence/xcelium/20.09/tools.lnx86/methodology/UVM/CDNS-1.1d/ml/lib/64bit/libml_uvm.so
Size:                132 kB
KernelPageSize:        4 kB
MMUPageSize:           4 kB
Rss:                  60 kB
Pss:                   4 kB
Shared_Clean:         60 kB
Shared_Dirty:          0 kB
Private_Clean:         0 kB
Private_Dirty:         0 kB
Referenced:           60 kB
Anonymous:             0 kB
LazyFree:              0 kB
AnonHugePages:         0 kB
ShmemPmdMapped:        0 kB
FilePmdMapped:         0 kB
Shared_Hugetlb:        0 kB
Private_Hugetlb:       0 kB
Swap:                  0 kB
SwapPss:               0 kB
Locked:                0 kB
THPeligible:    0
VmFlags: rd ex mr mw me sd 
7fa394f39000-7fa395138000 ---p 00021000 00:39 15530883                   /ihp/ihpusr/cadence/xcelium/20.09/tools.lnx86/methodology/UVM/CDNS-1.1d/ml/lib/64bit/libml_uvm.so
Size:               2044 kB
KernelPageSize:        4 kB
MMUPageSize:           4 kB
Rss:                   0 kB
Pss:                   0 kB
Shared_Clean:          0 kB
Shared_Dirty:          0 kB
Private_Clean:         0 kB
Private_Dirty:         0 kB
Referenced:            0 kB
Anonymous:             0 kB
LazyFree:              0 kB
AnonHugePages:         0 kB
ShmemPmdMapped:        0 kB
FilePmdMapped:         0 kB
Shared_Hugetlb:        0 kB
Private_Hugetlb:       0 kB
Swap:                  0 kB
SwapPss:               0 kB
Locked:                0 kB
THPeligible:    0
VmFlags: mr mw me sd 
7fa395138000-7fa395139000 r--p 00020000 00:39 15530883                   /ihp/ihpusr/cadence/xcelium/20.09/tools.lnx86/methodology/UVM/CDNS-1.1d/ml/lib/64bit/libml_uvm.so
Size:                  4 kB
KernelPageSize:        4 kB
MMUPageSize:           4 kB
Rss:                   4 kB
Pss:                   4 kB
Shared_Clean:          0 kB
Shared_Dirty:          0 kB
Private_Clean:         0 kB
Private_Dirty:         4 kB
Referenced:            4 kB
Anonymous:             4 kB
LazyFree:              0 kB
AnonHugePages:         0 kB
ShmemPmdMapped:        0 kB
FilePmdMapped:         0 kB
Shared_Hugetlb:        0 kB
Private_Hugetlb:       0 kB
Swap:                  0 kB
SwapPss:               0 kB
Locked:                0 kB
THPeligible:    0
VmFlags: rd mr mw me ac sd 
7fa395139000-7fa39513a000 rw-p 00021000 00:39 15530883                   /ihp/ihpusr/cadence/xcelium/20.09/tools.lnx86/methodology/UVM/CDNS-1.1d/ml/lib/64bit/libml_uvm.so
Size:                  4 kB
KernelPageSize:        4 kB
MMUPageSize:           4 kB
Rss:                   4 kB
Pss:                   4 kB
Shared_Clean:          0 kB
Shared_Dirty:          0 kB
Private_Clean:         0 kB
Private_Dirty:         4 kB
Referenced:            4 kB
Anonymous:             4 kB
LazyFree:              0 kB
AnonHugePages:         0 kB
ShmemPmdMapped:        0 kB
FilePmdMapped:         0 kB
Shared_Hugetlb:        0 kB
Private_Hugetlb:       0 kB
Swap:                  0 kB
SwapPss:               0 kB
Locked:                0 kB
THPeligible:    0
VmFlags: rd wr mr mw me ac sd 
7fa39513a000-7fa39513c000 ---p 00000000 00:00 0 
Size:                  8 kB
KernelPageSize:        4 kB
MMUPageSize:           4 kB
Rss:                   0 kB
Pss:                   0 kB
Shared_Clean:          0 kB
Shared_Dirty:          0 kB
Private_Clean:         0 kB
Private_Dirty:         0 kB
Referenced:            0 kB
Anonymous:             0 kB
LazyFree:              0 kB
AnonHugePages:         0 kB
ShmemPmdMapped:        0 kB
FilePmdMapped:         0 kB
Shared_Hugetlb:        0 kB
Private_Hugetlb:       0 kB
Swap:                  0 kB
SwapPss:               0 kB
Locked:                0 kB
THPeligible:    0
VmFlags: mr mw me nr sd 
7fa39513c000-7fa395938000 rwxp 00000000 00:00 0 
Size:               8176 kB
KernelPageSize:        4 kB
MMUPageSize:           4 kB
Rss:                   0 kB
Pss:                   0 kB
Shared_Clean:          0 kB
Shared_Dirty:          0 kB
Private_Clean:         0 kB
Private_Dirty:         0 kB
Referenced:            0 kB
Anonymous:             0 kB
LazyFree:              0 kB
AnonHugePages:         0 kB
ShmemPmdMapped:        0 kB
FilePmdMapped:         0 kB
Shared_Hugetlb:        0 kB
Private_Hugetlb:       0 kB
Swap:                  0 kB
SwapPss:               0 kB
Locked:                0 kB
THPeligible:    1
VmFlags: rd wr ex mr mw me nr sd 
7fa395938000-7fa39593a000 ---p 00000000 00:00 0 
Size:                  8 kB
KernelPageSize:        4 kB
MMUPageSize:           4 kB
Rss:                   0 kB
Pss:                   0 kB
Shared_Clean:          0 kB
Shared_Dirty:          0 kB
Private_Clean:         0 kB
Private_Dirty:         0 kB
Referenced:            0 kB
Anonymous:             0 kB
LazyFree:              0 kB
AnonHugePages:         0 kB
ShmemPmdMapped:        0 kB
FilePmdMapped:         0 kB
Shared_Hugetlb:        0 kB
Private_Hugetlb:       0 kB
Swap:                  0 kB
SwapPss:               0 kB
Locked:                0 kB
THPeligible:    0
VmFlags: mr mw me nr sd 
7fa39593a000-7fa395aa7000 r-xp 00000000 00:39 123125848                  /ihp/ihpusr/cadence/xcelium/20.09/tools.lnx86/lib/64bit/libStrapNC.so
Size:               1460 kB
KernelPageSize:        4 kB
MMUPageSize:           4 kB
Rss:                 788 kB
Pss:                  65 kB
Shared_Clean:        788 kB
Shared_Dirty:          0 kB
Private_Clean:         0 kB
Private_Dirty:         0 kB
Referenced:          788 kB
Anonymous:             0 kB
LazyFree:              0 kB
AnonHugePages:         0 kB
ShmemPmdMapped:        0 kB
FilePmdMapped:         0 kB
Shared_Hugetlb:        0 kB
Private_Hugetlb:       0 kB
Swap:                  0 kB
SwapPss:               0 kB
Locked:                0 kB
THPeligible:    0
VmFlags: rd ex mr mw me sd 
7fa395aa7000-7fa395ca6000 ---p 0016d000 00:39 123125848                  /ihp/ihpusr/cadence/xcelium/20.09/tools.lnx86/lib/64bit/libStrapNC.so
Size:               2044 kB
KernelPageSize:        4 kB
MMUPageSize:           4 kB
Rss:                   0 kB
Pss:                   0 kB
Shared_Clean:          0 kB
Shared_Dirty:          0 kB
Private_Clean:         0 kB
Private_Dirty:         0 kB
Referenced:            0 kB
Anonymous:             0 kB
LazyFree:              0 kB
AnonHugePages:         0 kB
ShmemPmdMapped:        0 kB
FilePmdMapped:         0 kB
Shared_Hugetlb:        0 kB
Private_Hugetlb:       0 kB
Swap:                  0 kB
SwapPss:               0 kB
Locked:                0 kB
THPeligible:    0
VmFlags: mr mw me sd 
7fa395ca6000-7fa395ca8000 r--p 0016c000 00:39 123125848                  /ihp/ihpusr/cadence/xcelium/20.09/tools.lnx86/lib/64bit/libStrapNC.so
Size:                  8 kB
KernelPageSize:        4 kB
MMUPageSize:           4 kB
Rss:                   8 kB
Pss:                   8 kB
Shared_Clean:          0 kB
Shared_Dirty:          0 kB
Private_Clean:         0 kB
Private_Dirty:         8 kB
Referenced:            8 kB
Anonymous:             8 kB
LazyFree:              0 kB
AnonHugePages:         0 kB
ShmemPmdMapped:        0 kB
FilePmdMapped:         0 kB
Shared_Hugetlb:        0 kB
Private_Hugetlb:       0 kB
Swap:                  0 kB
SwapPss:               0 kB
Locked:                0 kB
THPeligible:    0
VmFlags: rd mr mw me ac sd 
7fa395ca8000-7fa395cdd000 rw-p 0016e000 00:39 123125848                  /ihp/ihpusr/cadence/xcelium/20.09/tools.lnx86/lib/64bit/libStrapNC.so
Size:                212 kB
KernelPageSize:        4 kB
MMUPageSize:           4 kB
Rss:                 144 kB
Pss:                 121 kB
Shared_Clean:         24 kB
Shared_Dirty:          0 kB
Private_Clean:         0 kB
Private_Dirty:       120 kB
Referenced:          144 kB
Anonymous:           120 kB
LazyFree:              0 kB
AnonHugePages:         0 kB
ShmemPmdMapped:        0 kB
FilePmdMapped:         0 kB
Shared_Hugetlb:        0 kB
Private_Hugetlb:       0 kB
Swap:                  0 kB
SwapPss:               0 kB
Locked:                0 kB
THPeligible:    0
VmFlags: rd wr mr mw me ac sd 
7fa395cdd000-7fa395ceb000 rw-p 00000000 00:00 0 
Size:                 56 kB
KernelPageSize:        4 kB
MMUPageSize:           4 kB
Rss:                  12 kB
Pss:                  12 kB
Shared_Clean:          0 kB
Shared_Dirty:          0 kB
Private_Clean:         0 kB
Private_Dirty:        12 kB
Referenced:           12 kB
Anonymous:            12 kB
LazyFree:              0 kB
AnonHugePages:         0 kB
ShmemPmdMapped:        0 kB
FilePmdMapped:         0 kB
Shared_Hugetlb:        0 kB
Private_Hugetlb:       0 kB
Swap:                  0 kB
SwapPss:               0 kB
Locked:                0 kB
THPeligible:    0
VmFlags: rd wr mr mw me ac sd 
7fa395ceb000-7fa395d8d000 r-xp 00000000 00:39 71258072                   /ihp/ihpusr/cadence/xcelium/20.09/tools.lnx86/simvision/lib/64bit/libdcapi.so
Size:                648 kB
KernelPageSize:        4 kB
MMUPageSize:           4 kB
Rss:                 592 kB
Pss:                  45 kB
Shared_Clean:        592 kB
Shared_Dirty:          0 kB
Private_Clean:         0 kB
Private_Dirty:         0 kB
Referenced:          592 kB
Anonymous:             0 kB
LazyFree:              0 kB
AnonHugePages:         0 kB
ShmemPmdMapped:        0 kB
FilePmdMapped:         0 kB
Shared_Hugetlb:        0 kB
Private_Hugetlb:       0 kB
Swap:                  0 kB
SwapPss:               0 kB
Locked:                0 kB
THPeligible:    0
VmFlags: rd ex mr mw me sd 
7fa395d8d000-7fa395f8d000 ---p 000a2000 00:39 71258072                   /ihp/ihpusr/cadence/xcelium/20.09/tools.lnx86/simvision/lib/64bit/libdcapi.so
Size:               2048 kB
KernelPageSize:        4 kB
MMUPageSize:           4 kB
Rss:                   0 kB
Pss:                   0 kB
Shared_Clean:          0 kB
Shared_Dirty:          0 kB
Private_Clean:         0 kB
Private_Dirty:         0 kB
Referenced:            0 kB
Anonymous:             0 kB
LazyFree:              0 kB
AnonHugePages:         0 kB
ShmemPmdMapped:        0 kB
FilePmdMapped:         0 kB
Shared_Hugetlb:        0 kB
Private_Hugetlb:       0 kB
Swap:                  0 kB
SwapPss:               0 kB
Locked:                0 kB
THPeligible:    0
VmFlags: mr mw me sd 
7fa395f8d000-7fa395f8e000 r--p 000a2000 00:39 71258072                   /ihp/ihpusr/cadence/xcelium/20.09/tools.lnx86/simvision/lib/64bit/libdcapi.so
Size:                  4 kB
KernelPageSize:        4 kB
MMUPageSize:           4 kB
Rss:                   4 kB
Pss:                   4 kB
Shared_Clean:          0 kB
Shared_Dirty:          0 kB
Private_Clean:         0 kB
Private_Dirty:         4 kB
Referenced:            4 kB
Anonymous:             4 kB
LazyFree:              0 kB
AnonHugePages:         0 kB
ShmemPmdMapped:        0 kB
FilePmdMapped:         0 kB
Shared_Hugetlb:        0 kB
Private_Hugetlb:       0 kB
Swap:                  0 kB
SwapPss:               0 kB
Locked:                0 kB
THPeligible:    0
VmFlags: rd mr mw me ac sd 
7fa395f8e000-7fa395f99000 rw-p 000a3000 00:39 71258072                   /ihp/ihpusr/cadence/xcelium/20.09/tools.lnx86/simvision/lib/64bit/libdcapi.so
Size:                 44 kB
KernelPageSize:        4 kB
MMUPageSize:           4 kB
Rss:                  44 kB
Pss:                  40 kB
Shared_Clean:          4 kB
Shared_Dirty:          0 kB
Private_Clean:         0 kB
Private_Dirty:        40 kB
Referenced:           44 kB
Anonymous:            40 kB
LazyFree:              0 kB
AnonHugePages:         0 kB
ShmemPmdMapped:        0 kB
FilePmdMapped:         0 kB
Shared_Hugetlb:        0 kB
Private_Hugetlb:       0 kB
Swap:                  0 kB
SwapPss:               0 kB
Locked:                0 kB
THPeligible:    0
VmFlags: rd wr mr mw me ac sd 
7fa395f99000-7fa395f9a000 rw-p 00000000 00:00 0 
Size:                  4 kB
KernelPageSize:        4 kB
MMUPageSize:           4 kB
Rss:                   4 kB
Pss:                   4 kB
Shared_Clean:          0 kB
Shared_Dirty:          0 kB
Private_Clean:         0 kB
Private_Dirty:         4 kB
Referenced:            4 kB
Anonymous:             4 kB
LazyFree:              0 kB
AnonHugePages:         0 kB
ShmemPmdMapped:        0 kB
FilePmdMapped:         0 kB
Shared_Hugetlb:        0 kB
Private_Hugetlb:       0 kB
Swap:                  0 kB
SwapPss:               0 kB
Locked:                0 kB
THPeligible:    0
VmFlags: rd wr mr mw me ac sd 
7fa395f9a000-7fa395f9f000 r-xp 00000000 fd:00 2364090                    /usr/lib64/libnss_dns-2.28.so
Size:                 20 kB
KernelPageSize:        4 kB
MMUPageSize:           4 kB
Rss:                  20 kB
Pss:                   0 kB
Shared_Clean:         20 kB
Shared_Dirty:          0 kB
Private_Clean:         0 kB
Private_Dirty:         0 kB
Referenced:           20 kB
Anonymous:             0 kB
LazyFree:              0 kB
AnonHugePages:         0 kB
ShmemPmdMapped:        0 kB
FilePmdMapped:         0 kB
Shared_Hugetlb:        0 kB
Private_Hugetlb:       0 kB
Swap:                  0 kB
SwapPss:               0 kB
Locked:                0 kB
THPeligible:    0
VmFlags: rd ex mr mw me sd 
7fa395f9f000-7fa39619f000 ---p 00005000 fd:00 2364090                    /usr/lib64/libnss_dns-2.28.so
Size:               2048 kB
KernelPageSize:        4 kB
MMUPageSize:           4 kB
Rss:                   0 kB
Pss:                   0 kB
Shared_Clean:          0 kB
Shared_Dirty:          0 kB
Private_Clean:         0 kB
Private_Dirty:         0 kB
Referenced:            0 kB
Anonymous:             0 kB
LazyFree:              0 kB
AnonHugePages:         0 kB
ShmemPmdMapped:        0 kB
FilePmdMapped:         0 kB
Shared_Hugetlb:        0 kB
Private_Hugetlb:       0 kB
Swap:                  0 kB
SwapPss:               0 kB
Locked:                0 kB
THPeligible:    0
VmFlags: mr mw me sd 
7fa39619f000-7fa3961a0000 r--p 00005000 fd:00 2364090                    /usr/lib64/libnss_dns-2.28.so
Size:                  4 kB
KernelPageSize:        4 kB
MMUPageSize:           4 kB
Rss:                   4 kB
Pss:                   4 kB
Shared_Clean:          0 kB
Shared_Dirty:          0 kB
Private_Clean:         0 kB
Private_Dirty:         4 kB
Referenced:            4 kB
Anonymous:             4 kB
LazyFree:              0 kB
AnonHugePages:         0 kB
ShmemPmdMapped:        0 kB
FilePmdMapped:         0 kB
Shared_Hugetlb:        0 kB
Private_Hugetlb:       0 kB
Swap:                  0 kB
SwapPss:               0 kB
Locked:                0 kB
THPeligible:    0
VmFlags: rd mr mw me ac sd 
7fa3961a0000-7fa3961a1000 rw-p 00006000 fd:00 2364090                    /usr/lib64/libnss_dns-2.28.so
Size:                  4 kB
KernelPageSize:        4 kB
MMUPageSize:           4 kB
Rss:                   4 kB
Pss:                   4 kB
Shared_Clean:          0 kB
Shared_Dirty:          0 kB
Private_Clean:         0 kB
Private_Dirty:         4 kB
Referenced:            4 kB
Anonymous:             4 kB
LazyFree:              0 kB
AnonHugePages:         0 kB
ShmemPmdMapped:        0 kB
FilePmdMapped:         0 kB
Shared_Hugetlb:        0 kB
Private_Hugetlb:       0 kB
Swap:                  0 kB
SwapPss:               0 kB
Locked:                0 kB
THPeligible:    0
VmFlags: rd wr mr mw me ac sd 
7fa3961a1000-7fa3961b5000 r-xp 00000000 fd:00 2386881                    /usr/lib64/libresolv-2.28.so
Size:                 80 kB
KernelPageSize:        4 kB
MMUPageSize:           4 kB
Rss:                  80 kB
Pss:                   0 kB
Shared_Clean:         80 kB
Shared_Dirty:          0 kB
Private_Clean:         0 kB
Private_Dirty:         0 kB
Referenced:           80 kB
Anonymous:             0 kB
LazyFree:              0 kB
AnonHugePages:         0 kB
ShmemPmdMapped:        0 kB
FilePmdMapped:         0 kB
Shared_Hugetlb:        0 kB
Private_Hugetlb:       0 kB
Swap:                  0 kB
SwapPss:               0 kB
Locked:                0 kB
THPeligible:    0
VmFlags: rd ex mr mw me sd 
7fa3961b5000-7fa3963b5000 ---p 00014000 fd:00 2386881                    /usr/lib64/libresolv-2.28.so
Size:               2048 kB
KernelPageSize:        4 kB
MMUPageSize:           4 kB
Rss:                   0 kB
Pss:                   0 kB
Shared_Clean:          0 kB
Shared_Dirty:          0 kB
Private_Clean:         0 kB
Private_Dirty:         0 kB
Referenced:            0 kB
Anonymous:             0 kB
LazyFree:              0 kB
AnonHugePages:         0 kB
ShmemPmdMapped:        0 kB
FilePmdMapped:         0 kB
Shared_Hugetlb:        0 kB
Private_Hugetlb:       0 kB
Swap:                  0 kB
SwapPss:               0 kB
Locked:                0 kB
THPeligible:    0
VmFlags: mr mw me sd 
7fa3963b5000-7fa3963b6000 r--p 00014000 fd:00 2386881                    /usr/lib64/libresolv-2.28.so
Size:                  4 kB
KernelPageSize:        4 kB
MMUPageSize:           4 kB
Rss:                   4 kB
Pss:                   4 kB
Shared_Clean:          0 kB
Shared_Dirty:          0 kB
Private_Clean:         0 kB
Private_Dirty:         4 kB
Referenced:            4 kB
Anonymous:             4 kB
LazyFree:              0 kB
AnonHugePages:         0 kB
ShmemPmdMapped:        0 kB
FilePmdMapped:         0 kB
Shared_Hugetlb:        0 kB
Private_Hugetlb:       0 kB
Swap:                  0 kB
SwapPss:               0 kB
Locked:                0 kB
THPeligible:    0
VmFlags: rd mr mw me ac sd 
7fa3963b6000-7fa3963b7000 rw-p 00015000 fd:00 2386881                    /usr/lib64/libresolv-2.28.so
Size:                  4 kB
KernelPageSize:        4 kB
MMUPageSize:           4 kB
Rss:                   4 kB
Pss:                   4 kB
Shared_Clean:          0 kB
Shared_Dirty:          0 kB
Private_Clean:         0 kB
Private_Dirty:         4 kB
Referenced:            4 kB
Anonymous:             4 kB
LazyFree:              0 kB
AnonHugePages:         0 kB
ShmemPmdMapped:        0 kB
FilePmdMapped:         0 kB
Shared_Hugetlb:        0 kB
Private_Hugetlb:       0 kB
Swap:                  0 kB
SwapPss:               0 kB
Locked:                0 kB
THPeligible:    0
VmFlags: rd wr mr mw me ac sd 
7fa3963b7000-7fa3963b9000 rw-p 00000000 00:00 0 
Size:                  8 kB
KernelPageSize:        4 kB
MMUPageSize:           4 kB
Rss:                   0 kB
Pss:                   0 kB
Shared_Clean:          0 kB
Shared_Dirty:          0 kB
Private_Clean:         0 kB
Private_Dirty:         0 kB
Referenced:            0 kB
Anonymous:             0 kB
LazyFree:              0 kB
AnonHugePages:         0 kB
ShmemPmdMapped:        0 kB
FilePmdMapped:         0 kB
Shared_Hugetlb:        0 kB
Private_Hugetlb:       0 kB
Swap:                  0 kB
SwapPss:               0 kB
Locked:                0 kB
THPeligible:    0
VmFlags: rd wr mr mw me ac sd 
7fa3963b9000-7fa3963bc000 r-xp 00000000 fd:00 2374408                    /usr/lib64/libnss_mdns4_minimal.so.2
Size:                 12 kB
KernelPageSize:        4 kB
MMUPageSize:           4 kB
Rss:                  12 kB
Pss:                   0 kB
Shared_Clean:         12 kB
Shared_Dirty:          0 kB
Private_Clean:         0 kB
Private_Dirty:         0 kB
Referenced:           12 kB
Anonymous:             0 kB
LazyFree:              0 kB
AnonHugePages:         0 kB
ShmemPmdMapped:        0 kB
FilePmdMapped:         0 kB
Shared_Hugetlb:        0 kB
Private_Hugetlb:       0 kB
Swap:                  0 kB
SwapPss:               0 kB
Locked:                0 kB
THPeligible:    0
VmFlags: rd ex mr mw me sd 
7fa3963bc000-7fa3965bc000 ---p 00003000 fd:00 2374408                    /usr/lib64/libnss_mdns4_minimal.so.2
Size:               2048 kB
KernelPageSize:        4 kB
MMUPageSize:           4 kB
Rss:                   0 kB
Pss:                   0 kB
Shared_Clean:          0 kB
Shared_Dirty:          0 kB
Private_Clean:         0 kB
Private_Dirty:         0 kB
Referenced:            0 kB
Anonymous:             0 kB
LazyFree:              0 kB
AnonHugePages:         0 kB
ShmemPmdMapped:        0 kB
FilePmdMapped:         0 kB
Shared_Hugetlb:        0 kB
Private_Hugetlb:       0 kB
Swap:                  0 kB
SwapPss:               0 kB
Locked:                0 kB
THPeligible:    0
VmFlags: mr mw me sd 
7fa3965bc000-7fa3965bd000 r--p 00003000 fd:00 2374408                    /usr/lib64/libnss_mdns4_minimal.so.2
Size:                  4 kB
KernelPageSize:        4 kB
MMUPageSize:           4 kB
Rss:                   4 kB
Pss:                   4 kB
Shared_Clean:          0 kB
Shared_Dirty:          0 kB
Private_Clean:         0 kB
Private_Dirty:         4 kB
Referenced:            4 kB
Anonymous:             4 kB
LazyFree:              0 kB
AnonHugePages:         0 kB
ShmemPmdMapped:        0 kB
FilePmdMapped:         0 kB
Shared_Hugetlb:        0 kB
Private_Hugetlb:       0 kB
Swap:                  0 kB
SwapPss:               0 kB
Locked:                0 kB
THPeligible:    0
VmFlags: rd mr mw me ac sd 
7fa3965bd000-7fa3965be000 rw-p 00000000 00:00 0 
Size:                  4 kB
KernelPageSize:        4 kB
MMUPageSize:           4 kB
Rss:                   0 kB
Pss:                   0 kB
Shared_Clean:          0 kB
Shared_Dirty:          0 kB
Private_Clean:         0 kB
Private_Dirty:         0 kB
Referenced:            0 kB
Anonymous:             0 kB
LazyFree:              0 kB
AnonHugePages:         0 kB
ShmemPmdMapped:        0 kB
FilePmdMapped:         0 kB
Shared_Hugetlb:        0 kB
Private_Hugetlb:       0 kB
Swap:                  0 kB
SwapPss:               0 kB
Locked:                0 kB
THPeligible:    0
VmFlags: rd wr mr mw me ac sd 
7fa3965be000-7fa396e92000 r--s 00000000 fd:03 2754531                    /var/lib/sss/mc/passwd
Size:               9040 kB
KernelPageSize:        4 kB
MMUPageSize:           4 kB
Rss:                 128 kB
Pss:                   0 kB
Shared_Clean:        112 kB
Shared_Dirty:         16 kB
Private_Clean:         0 kB
Private_Dirty:         0 kB
Referenced:          128 kB
Anonymous:             0 kB
LazyFree:              0 kB
AnonHugePages:         0 kB
ShmemPmdMapped:        0 kB
FilePmdMapped:         0 kB
Shared_Hugetlb:        0 kB
Private_Hugetlb:       0 kB
Swap:                  0 kB
SwapPss:               0 kB
Locked:                0 kB
THPeligible:    0
VmFlags: rd mr me ms sd 
7fa396e92000-7fa396e9c000 r-xp 00000000 fd:00 2376648                    /usr/lib64/libnss_sss.so.2
Size:                 40 kB
KernelPageSize:        4 kB
MMUPageSize:           4 kB
Rss:                  40 kB
Pss:                   0 kB
Shared_Clean:         40 kB
Shared_Dirty:          0 kB
Private_Clean:         0 kB
Private_Dirty:         0 kB
Referenced:           40 kB
Anonymous:             0 kB
LazyFree:              0 kB
AnonHugePages:         0 kB
ShmemPmdMapped:        0 kB
FilePmdMapped:         0 kB
Shared_Hugetlb:        0 kB
Private_Hugetlb:       0 kB
Swap:                  0 kB
SwapPss:               0 kB
Locked:                0 kB
THPeligible:    0
VmFlags: rd ex mr mw me sd 
7fa396e9c000-7fa39709b000 ---p 0000a000 fd:00 2376648                    /usr/lib64/libnss_sss.so.2
Size:               2044 kB
KernelPageSize:        4 kB
MMUPageSize:           4 kB
Rss:                   0 kB
Pss:                   0 kB
Shared_Clean:          0 kB
Shared_Dirty:          0 kB
Private_Clean:         0 kB
Private_Dirty:         0 kB
Referenced:            0 kB
Anonymous:             0 kB
LazyFree:              0 kB
AnonHugePages:         0 kB
ShmemPmdMapped:        0 kB
FilePmdMapped:         0 kB
Shared_Hugetlb:        0 kB
Private_Hugetlb:       0 kB
Swap:                  0 kB
SwapPss:               0 kB
Locked:                0 kB
THPeligible:    0
VmFlags: mr mw me sd 
7fa39709b000-7fa39709c000 r--p 00009000 fd:00 2376648                    /usr/lib64/libnss_sss.so.2
Size:                  4 kB
KernelPageSize:        4 kB
MMUPageSize:           4 kB
Rss:                   4 kB
Pss:                   4 kB
Shared_Clean:          0 kB
Shared_Dirty:          0 kB
Private_Clean:         0 kB
Private_Dirty:         4 kB
Referenced:            4 kB
Anonymous:             4 kB
LazyFree:              0 kB
AnonHugePages:         0 kB
ShmemPmdMapped:        0 kB
FilePmdMapped:         0 kB
Shared_Hugetlb:        0 kB
Private_Hugetlb:       0 kB
Swap:                  0 kB
SwapPss:               0 kB
Locked:                0 kB
THPeligible:    0
VmFlags: rd mr mw me ac sd 
7fa39709c000-7fa39709d000 rw-p 0000a000 fd:00 2376648                    /usr/lib64/libnss_sss.so.2
Size:                  4 kB
KernelPageSize:        4 kB
MMUPageSize:           4 kB
Rss:                   4 kB
Pss:                   4 kB
Shared_Clean:          0 kB
Shared_Dirty:          0 kB
Private_Clean:         0 kB
Private_Dirty:         4 kB
Referenced:            4 kB
Anonymous:             4 kB
LazyFree:              0 kB
AnonHugePages:         0 kB
ShmemPmdMapped:        0 kB
FilePmdMapped:         0 kB
Shared_Hugetlb:        0 kB
Private_Hugetlb:       0 kB
Swap:                  0 kB
SwapPss:               0 kB
Locked:                0 kB
THPeligible:    0
VmFlags: rd wr mr mw me ac sd 
7fa39709d000-7fa3970a8000 r-xp 00000000 fd:00 2364092                    /usr/lib64/libnss_files-2.28.so
Size:                 44 kB
KernelPageSize:        4 kB
MMUPageSize:           4 kB
Rss:                  44 kB
Pss:                   0 kB
Shared_Clean:         44 kB
Shared_Dirty:          0 kB
Private_Clean:         0 kB
Private_Dirty:         0 kB
Referenced:           44 kB
Anonymous:             0 kB
LazyFree:              0 kB
AnonHugePages:         0 kB
ShmemPmdMapped:        0 kB
FilePmdMapped:         0 kB
Shared_Hugetlb:        0 kB
Private_Hugetlb:       0 kB
Swap:                  0 kB
SwapPss:               0 kB
Locked:                0 kB
THPeligible:    0
VmFlags: rd ex mr mw me sd 
7fa3970a8000-7fa3972a8000 ---p 0000b000 fd:00 2364092                    /usr/lib64/libnss_files-2.28.so
Size:               2048 kB
KernelPageSize:        4 kB
MMUPageSize:           4 kB
Rss:                   0 kB
Pss:                   0 kB
Shared_Clean:          0 kB
Shared_Dirty:          0 kB
Private_Clean:         0 kB
Private_Dirty:         0 kB
Referenced:            0 kB
Anonymous:             0 kB
LazyFree:              0 kB
AnonHugePages:         0 kB
ShmemPmdMapped:        0 kB
FilePmdMapped:         0 kB
Shared_Hugetlb:        0 kB
Private_Hugetlb:       0 kB
Swap:                  0 kB
SwapPss:               0 kB
Locked:                0 kB
THPeligible:    0
VmFlags: mr mw me sd 
7fa3972a8000-7fa3972a9000 r--p 0000b000 fd:00 2364092                    /usr/lib64/libnss_files-2.28.so
Size:                  4 kB
KernelPageSize:        4 kB
MMUPageSize:           4 kB
Rss:                   4 kB
Pss:                   4 kB
Shared_Clean:          0 kB
Shared_Dirty:          0 kB
Private_Clean:         0 kB
Private_Dirty:         4 kB
Referenced:            4 kB
Anonymous:             4 kB
LazyFree:              0 kB
AnonHugePages:         0 kB
ShmemPmdMapped:        0 kB
FilePmdMapped:         0 kB
Shared_Hugetlb:        0 kB
Private_Hugetlb:       0 kB
Swap:                  0 kB
SwapPss:               0 kB
Locked:                0 kB
THPeligible:    0
VmFlags: rd mr mw me ac sd 
7fa3972a9000-7fa3972aa000 rw-p 0000c000 fd:00 2364092                    /usr/lib64/libnss_files-2.28.so
Size:                  4 kB
KernelPageSize:        4 kB
MMUPageSize:           4 kB
Rss:                   4 kB
Pss:                   4 kB
Shared_Clean:          0 kB
Shared_Dirty:          0 kB
Private_Clean:         0 kB
Private_Dirty:         4 kB
Referenced:            4 kB
Anonymous:             4 kB
LazyFree:              0 kB
AnonHugePages:         0 kB
ShmemPmdMapped:        0 kB
FilePmdMapped:         0 kB
Shared_Hugetlb:        0 kB
Private_Hugetlb:       0 kB
Swap:                  0 kB
SwapPss:               0 kB
Locked:                0 kB
THPeligible:    0
VmFlags: rd wr mr mw me ac sd 
7fa3972aa000-7fa3972b0000 rw-p 00000000 00:00 0 
Size:                 24 kB
KernelPageSize:        4 kB
MMUPageSize:           4 kB
Rss:                   0 kB
Pss:                   0 kB
Shared_Clean:          0 kB
Shared_Dirty:          0 kB
Private_Clean:         0 kB
Private_Dirty:         0 kB
Referenced:            0 kB
Anonymous:             0 kB
LazyFree:              0 kB
AnonHugePages:         0 kB
ShmemPmdMapped:        0 kB
FilePmdMapped:         0 kB
Shared_Hugetlb:        0 kB
Private_Hugetlb:       0 kB
Swap:                  0 kB
SwapPss:               0 kB
Locked:                0 kB
THPeligible:    0
VmFlags: rd wr mr mw me ac sd 
7fa3972b0000-7fa3a4266000 r--p 00000000 fd:00 2491133                    /usr/lib/locale/locale-archive
Size:             212696 kB
KernelPageSize:        4 kB
MMUPageSize:           4 kB
Rss:                 448 kB
Pss:                   1 kB
Shared_Clean:        448 kB
Shared_Dirty:          0 kB
Private_Clean:         0 kB
Private_Dirty:         0 kB
Referenced:          448 kB
Anonymous:             0 kB
LazyFree:              0 kB
AnonHugePages:         0 kB
ShmemPmdMapped:        0 kB
FilePmdMapped:         0 kB
Shared_Hugetlb:        0 kB
Private_Hugetlb:       0 kB
Swap:                  0 kB
SwapPss:               0 kB
Locked:                0 kB
THPeligible:    0
VmFlags: rd mr mw me sd 
7fa3a4266000-7fa3a42c3000 r-xp 00000000 00:39 119759428                  /ihp/ihpusr/cadence/xcelium/20.09/tools.lnx86/inca/lib/64bit/libcbreakpad.so
Size:                372 kB
KernelPageSize:        4 kB
MMUPageSize:           4 kB
Rss:                 296 kB
Pss:                   1 kB
Shared_Clean:        296 kB
Shared_Dirty:          0 kB
Private_Clean:         0 kB
Private_Dirty:         0 kB
Referenced:          296 kB
Anonymous:             0 kB
LazyFree:              0 kB
AnonHugePages:         0 kB
ShmemPmdMapped:        0 kB
FilePmdMapped:         0 kB
Shared_Hugetlb:        0 kB
Private_Hugetlb:       0 kB
Swap:                  0 kB
SwapPss:               0 kB
Locked:                0 kB
THPeligible:    0
VmFlags: rd ex mr mw me sd 
7fa3a42c3000-7fa3a44c3000 ---p 0005d000 00:39 119759428                  /ihp/ihpusr/cadence/xcelium/20.09/tools.lnx86/inca/lib/64bit/libcbreakpad.so
Size:               2048 kB
KernelPageSize:        4 kB
MMUPageSize:           4 kB
Rss:                   0 kB
Pss:                   0 kB
Shared_Clean:          0 kB
Shared_Dirty:          0 kB
Private_Clean:         0 kB
Private_Dirty:         0 kB
Referenced:            0 kB
Anonymous:             0 kB
LazyFree:              0 kB
AnonHugePages:         0 kB
ShmemPmdMapped:        0 kB
FilePmdMapped:         0 kB
Shared_Hugetlb:        0 kB
Private_Hugetlb:       0 kB
Swap:                  0 kB
SwapPss:               0 kB
Locked:                0 kB
THPeligible:    0
VmFlags: mr mw me sd 
7fa3a44c3000-7fa3a44c4000 r--p 0005d000 00:39 119759428                  /ihp/ihpusr/cadence/xcelium/20.09/tools.lnx86/inca/lib/64bit/libcbreakpad.so
Size:                  4 kB
KernelPageSize:        4 kB
MMUPageSize:           4 kB
Rss:                   4 kB
Pss:                   4 kB
Shared_Clean:          0 kB
Shared_Dirty:          0 kB
Private_Clean:         0 kB
Private_Dirty:         4 kB
Referenced:            4 kB
Anonymous:             4 kB
LazyFree:              0 kB
AnonHugePages:         0 kB
ShmemPmdMapped:        0 kB
FilePmdMapped:         0 kB
Shared_Hugetlb:        0 kB
Private_Hugetlb:       0 kB
Swap:                  0 kB
SwapPss:               0 kB
Locked:                0 kB
THPeligible:    0
VmFlags: rd mr mw me ac sd 
7fa3a44c4000-7fa3a44c7000 rw-p 0005e000 00:39 119759428                  /ihp/ihpusr/cadence/xcelium/20.09/tools.lnx86/inca/lib/64bit/libcbreakpad.so
Size:                 12 kB
KernelPageSize:        4 kB
MMUPageSize:           4 kB
Rss:                  12 kB
Pss:                  12 kB
Shared_Clean:          0 kB
Shared_Dirty:          0 kB
Private_Clean:         0 kB
Private_Dirty:        12 kB
Referenced:           12 kB
Anonymous:            12 kB
LazyFree:              0 kB
AnonHugePages:         0 kB
ShmemPmdMapped:        0 kB
FilePmdMapped:         0 kB
Shared_Hugetlb:        0 kB
Private_Hugetlb:       0 kB
Swap:                  0 kB
SwapPss:               0 kB
Locked:                0 kB
THPeligible:    0
VmFlags: rd wr mr mw me ac sd 
7fa3a44c7000-7fa3a44ce000 rw-p 00000000 00:00 0 
Size:                 28 kB
KernelPageSize:        4 kB
MMUPageSize:           4 kB
Rss:                  16 kB
Pss:                  16 kB
Shared_Clean:          0 kB
Shared_Dirty:          0 kB
Private_Clean:         0 kB
Private_Dirty:        16 kB
Referenced:           16 kB
Anonymous:            16 kB
LazyFree:              0 kB
AnonHugePages:         0 kB
ShmemPmdMapped:        0 kB
FilePmdMapped:         0 kB
Shared_Hugetlb:        0 kB
Private_Hugetlb:       0 kB
Swap:                  0 kB
SwapPss:               0 kB
Locked:                0 kB
THPeligible:    0
VmFlags: rd wr mr mw me ac sd 
7fa3a44ce000-7fa3a469b000 r-xp 00000000 fd:00 2364080                    /usr/lib64/libc-2.28.so
Size:               1844 kB
KernelPageSize:        4 kB
MMUPageSize:           4 kB
Rss:                1672 kB
Pss:                   1 kB
Shared_Clean:       1672 kB
Shared_Dirty:          0 kB
Private_Clean:         0 kB
Private_Dirty:         0 kB
Referenced:         1672 kB
Anonymous:             0 kB
LazyFree:              0 kB
AnonHugePages:         0 kB
ShmemPmdMapped:        0 kB
FilePmdMapped:         0 kB
Shared_Hugetlb:        0 kB
Private_Hugetlb:       0 kB
Swap:                  0 kB
SwapPss:               0 kB
Locked:                0 kB
THPeligible:    0
VmFlags: rd ex mr mw me sd 
7fa3a469b000-7fa3a489a000 ---p 001cd000 fd:00 2364080                    /usr/lib64/libc-2.28.so
Size:               2044 kB
KernelPageSize:        4 kB
MMUPageSize:           4 kB
Rss:                   0 kB
Pss:                   0 kB
Shared_Clean:          0 kB
Shared_Dirty:          0 kB
Private_Clean:         0 kB
Private_Dirty:         0 kB
Referenced:            0 kB
Anonymous:             0 kB
LazyFree:              0 kB
AnonHugePages:         0 kB
ShmemPmdMapped:        0 kB
FilePmdMapped:         0 kB
Shared_Hugetlb:        0 kB
Private_Hugetlb:       0 kB
Swap:                  0 kB
SwapPss:               0 kB
Locked:                0 kB
THPeligible:    0
VmFlags: mr mw me sd 
7fa3a489a000-7fa3a489e000 r--p 001cc000 fd:00 2364080                    /usr/lib64/libc-2.28.so
Size:                 16 kB
KernelPageSize:        4 kB
MMUPageSize:           4 kB
Rss:                  16 kB
Pss:                  16 kB
Shared_Clean:          0 kB
Shared_Dirty:          0 kB
Private_Clean:         0 kB
Private_Dirty:        16 kB
Referenced:           16 kB
Anonymous:            16 kB
LazyFree:              0 kB
AnonHugePages:         0 kB
ShmemPmdMapped:        0 kB
FilePmdMapped:         0 kB
Shared_Hugetlb:        0 kB
Private_Hugetlb:       0 kB
Swap:                  0 kB
SwapPss:               0 kB
Locked:                0 kB
THPeligible:    0
VmFlags: rd mr mw me ac sd 
7fa3a489e000-7fa3a48a0000 rw-p 001d0000 fd:00 2364080                    /usr/lib64/libc-2.28.so
Size:                  8 kB
KernelPageSize:        4 kB
MMUPageSize:           4 kB
Rss:                   8 kB
Pss:                   8 kB
Shared_Clean:          0 kB
Shared_Dirty:          0 kB
Private_Clean:         0 kB
Private_Dirty:         8 kB
Referenced:            8 kB
Anonymous:             8 kB
LazyFree:              0 kB
AnonHugePages:         0 kB
ShmemPmdMapped:        0 kB
FilePmdMapped:         0 kB
Shared_Hugetlb:        0 kB
Private_Hugetlb:       0 kB
Swap:                  0 kB
SwapPss:               0 kB
Locked:                0 kB
THPeligible:    0
VmFlags: rd wr mr mw me ac sd 
7fa3a48a0000-7fa3a48a4000 rw-p 00000000 00:00 0 
Size:                 16 kB
KernelPageSize:        4 kB
MMUPageSize:           4 kB
Rss:                  16 kB
Pss:                  16 kB
Shared_Clean:          0 kB
Shared_Dirty:          0 kB
Private_Clean:         0 kB
Private_Dirty:        16 kB
Referenced:           16 kB
Anonymous:            16 kB
LazyFree:              0 kB
AnonHugePages:         0 kB
ShmemPmdMapped:        0 kB
FilePmdMapped:         0 kB
Shared_Hugetlb:        0 kB
Private_Hugetlb:       0 kB
Swap:                  0 kB
SwapPss:               0 kB
Locked:                0 kB
THPeligible:    0
VmFlags: rd wr mr mw me ac sd 
7fa3a48a4000-7fa3a48ba000 r-xp 00000000 00:39 106553690                  /ihp/ihpusr/cadence/xcelium/20.09/tools.lnx86/lib/64bit/libgcc_s.so.1
Size:                 88 kB
KernelPageSize:        4 kB
MMUPageSize:           4 kB
Rss:                  88 kB
Pss:                   0 kB
Shared_Clean:         88 kB
Shared_Dirty:          0 kB
Private_Clean:         0 kB
Private_Dirty:         0 kB
Referenced:           88 kB
Anonymous:             0 kB
LazyFree:              0 kB
AnonHugePages:         0 kB
ShmemPmdMapped:        0 kB
FilePmdMapped:         0 kB
Shared_Hugetlb:        0 kB
Private_Hugetlb:       0 kB
Swap:                  0 kB
SwapPss:               0 kB
Locked:                0 kB
THPeligible:    0
VmFlags: rd ex mr mw me sd 
7fa3a48ba000-7fa3a4ab9000 ---p 00016000 00:39 106553690                  /ihp/ihpusr/cadence/xcelium/20.09/tools.lnx86/lib/64bit/libgcc_s.so.1
Size:               2044 kB
KernelPageSize:        4 kB
MMUPageSize:           4 kB
Rss:                   0 kB
Pss:                   0 kB
Shared_Clean:          0 kB
Shared_Dirty:          0 kB
Private_Clean:         0 kB
Private_Dirty:         0 kB
Referenced:            0 kB
Anonymous:             0 kB
LazyFree:              0 kB
AnonHugePages:         0 kB
ShmemPmdMapped:        0 kB
FilePmdMapped:         0 kB
Shared_Hugetlb:        0 kB
Private_Hugetlb:       0 kB
Swap:                  0 kB
SwapPss:               0 kB
Locked:                0 kB
THPeligible:    0
VmFlags: mr mw me sd 
7fa3a4ab9000-7fa3a4aba000 r--p 00015000 00:39 106553690                  /ihp/ihpusr/cadence/xcelium/20.09/tools.lnx86/lib/64bit/libgcc_s.so.1
Size:                  4 kB
KernelPageSize:        4 kB
MMUPageSize:           4 kB
Rss:                   4 kB
Pss:                   4 kB
Shared_Clean:          0 kB
Shared_Dirty:          0 kB
Private_Clean:         0 kB
Private_Dirty:         4 kB
Referenced:            4 kB
Anonymous:             4 kB
LazyFree:              0 kB
AnonHugePages:         0 kB
ShmemPmdMapped:        0 kB
FilePmdMapped:         0 kB
Shared_Hugetlb:        0 kB
Private_Hugetlb:       0 kB
Swap:                  0 kB
SwapPss:               0 kB
Locked:                0 kB
THPeligible:    0
VmFlags: rd mr mw me ac sd 
7fa3a4aba000-7fa3a4abb000 rw-p 00016000 00:39 106553690                  /ihp/ihpusr/cadence/xcelium/20.09/tools.lnx86/lib/64bit/libgcc_s.so.1
Size:                  4 kB
KernelPageSize:        4 kB
MMUPageSize:           4 kB
Rss:                   4 kB
Pss:                   4 kB
Shared_Clean:          0 kB
Shared_Dirty:          0 kB
Private_Clean:         0 kB
Private_Dirty:         4 kB
Referenced:            4 kB
Anonymous:             4 kB
LazyFree:              0 kB
AnonHugePages:         0 kB
ShmemPmdMapped:        0 kB
FilePmdMapped:         0 kB
Shared_Hugetlb:        0 kB
Private_Hugetlb:       0 kB
Swap:                  0 kB
SwapPss:               0 kB
Locked:                0 kB
THPeligible:    0
VmFlags: rd wr mr mw me ac sd 
7fa3a4abb000-7fa3a4c2d000 r-xp 00000000 00:39 60681178                   /ihp/ihpusr/cadence/xcelium/20.09/tools.lnx86/lib/64bit/libstdc++.so.6.0.22
Size:               1480 kB
KernelPageSize:        4 kB
MMUPageSize:           4 kB
Rss:                1156 kB
Pss:                   5 kB
Shared_Clean:       1156 kB
Shared_Dirty:          0 kB
Private_Clean:         0 kB
Private_Dirty:         0 kB
Referenced:         1156 kB
Anonymous:             0 kB
LazyFree:              0 kB
AnonHugePages:         0 kB
ShmemPmdMapped:        0 kB
FilePmdMapped:         0 kB
Shared_Hugetlb:        0 kB
Private_Hugetlb:       0 kB
Swap:                  0 kB
SwapPss:               0 kB
Locked:                0 kB
THPeligible:    0
VmFlags: rd ex mr mw me sd 
7fa3a4c2d000-7fa3a4e2c000 ---p 00172000 00:39 60681178                   /ihp/ihpusr/cadence/xcelium/20.09/tools.lnx86/lib/64bit/libstdc++.so.6.0.22
Size:               2044 kB
KernelPageSize:        4 kB
MMUPageSize:           4 kB
Rss:                   0 kB
Pss:                   0 kB
Shared_Clean:          0 kB
Shared_Dirty:          0 kB
Private_Clean:         0 kB
Private_Dirty:         0 kB
Referenced:            0 kB
Anonymous:             0 kB
LazyFree:              0 kB
AnonHugePages:         0 kB
ShmemPmdMapped:        0 kB
FilePmdMapped:         0 kB
Shared_Hugetlb:        0 kB
Private_Hugetlb:       0 kB
Swap:                  0 kB
SwapPss:               0 kB
Locked:                0 kB
THPeligible:    0
VmFlags: mr mw me sd 
7fa3a4e2c000-7fa3a4e36000 r--p 00171000 00:39 60681178                   /ihp/ihpusr/cadence/xcelium/20.09/tools.lnx86/lib/64bit/libstdc++.so.6.0.22
Size:                 40 kB
KernelPageSize:        4 kB
MMUPageSize:           4 kB
Rss:                  40 kB
Pss:                  40 kB
Shared_Clean:          0 kB
Shared_Dirty:          0 kB
Private_Clean:         0 kB
Private_Dirty:        40 kB
Referenced:           40 kB
Anonymous:            40 kB
LazyFree:              0 kB
AnonHugePages:         0 kB
ShmemPmdMapped:        0 kB
FilePmdMapped:         0 kB
Shared_Hugetlb:        0 kB
Private_Hugetlb:       0 kB
Swap:                  0 kB
SwapPss:               0 kB
Locked:                0 kB
THPeligible:    0
VmFlags: rd mr mw me ac sd 
7fa3a4e36000-7fa3a4e38000 rw-p 0017b000 00:39 60681178                   /ihp/ihpusr/cadence/xcelium/20.09/tools.lnx86/lib/64bit/libstdc++.so.6.0.22
Size:                  8 kB
KernelPageSize:        4 kB
MMUPageSize:           4 kB
Rss:                   8 kB
Pss:                   8 kB
Shared_Clean:          0 kB
Shared_Dirty:          0 kB
Private_Clean:         0 kB
Private_Dirty:         8 kB
Referenced:            8 kB
Anonymous:             8 kB
LazyFree:              0 kB
AnonHugePages:         0 kB
ShmemPmdMapped:        0 kB
FilePmdMapped:         0 kB
Shared_Hugetlb:        0 kB
Private_Hugetlb:       0 kB
Swap:                  0 kB
SwapPss:               0 kB
Locked:                0 kB
THPeligible:    0
VmFlags: rd wr mr mw me ac sd 
7fa3a4e38000-7fa3a4e3c000 rw-p 00000000 00:00 0 
Size:                 16 kB
KernelPageSize:        4 kB
MMUPageSize:           4 kB
Rss:                  16 kB
Pss:                  16 kB
Shared_Clean:          0 kB
Shared_Dirty:          0 kB
Private_Clean:         0 kB
Private_Dirty:        16 kB
Referenced:           16 kB
Anonymous:            16 kB
LazyFree:              0 kB
AnonHugePages:         0 kB
ShmemPmdMapped:        0 kB
FilePmdMapped:         0 kB
Shared_Hugetlb:        0 kB
Private_Hugetlb:       0 kB
Swap:                  0 kB
SwapPss:               0 kB
Locked:                0 kB
THPeligible:    0
VmFlags: rd wr mr mw me ac sd 
7fa3a4e3c000-7fa3a4fbd000 r-xp 00000000 fd:00 2364084                    /usr/lib64/libm-2.28.so
Size:               1540 kB
KernelPageSize:        4 kB
MMUPageSize:           4 kB
Rss:                 384 kB
Pss:                   1 kB
Shared_Clean:        384 kB
Shared_Dirty:          0 kB
Private_Clean:         0 kB
Private_Dirty:         0 kB
Referenced:          384 kB
Anonymous:             0 kB
LazyFree:              0 kB
AnonHugePages:         0 kB
ShmemPmdMapped:        0 kB
FilePmdMapped:         0 kB
Shared_Hugetlb:        0 kB
Private_Hugetlb:       0 kB
Swap:                  0 kB
SwapPss:               0 kB
Locked:                0 kB
THPeligible:    0
VmFlags: rd ex mr mw me sd 
7fa3a4fbd000-7fa3a51bc000 ---p 00181000 fd:00 2364084                    /usr/lib64/libm-2.28.so
Size:               2044 kB
KernelPageSize:        4 kB
MMUPageSize:           4 kB
Rss:                   0 kB
Pss:                   0 kB
Shared_Clean:          0 kB
Shared_Dirty:          0 kB
Private_Clean:         0 kB
Private_Dirty:         0 kB
Referenced:            0 kB
Anonymous:             0 kB
LazyFree:              0 kB
AnonHugePages:         0 kB
ShmemPmdMapped:        0 kB
FilePmdMapped:         0 kB
Shared_Hugetlb:        0 kB
Private_Hugetlb:       0 kB
Swap:                  0 kB
SwapPss:               0 kB
Locked:                0 kB
THPeligible:    0
VmFlags: mr mw me sd 
7fa3a51bc000-7fa3a51bd000 r--p 00180000 fd:00 2364084                    /usr/lib64/libm-2.28.so
Size:                  4 kB
KernelPageSize:        4 kB
MMUPageSize:           4 kB
Rss:                   4 kB
Pss:                   4 kB
Shared_Clean:          0 kB
Shared_Dirty:          0 kB
Private_Clean:         0 kB
Private_Dirty:         4 kB
Referenced:            4 kB
Anonymous:             4 kB
LazyFree:              0 kB
AnonHugePages:         0 kB
ShmemPmdMapped:        0 kB
FilePmdMapped:         0 kB
Shared_Hugetlb:        0 kB
Private_Hugetlb:       0 kB
Swap:                  0 kB
SwapPss:               0 kB
Locked:                0 kB
THPeligible:    0
VmFlags: rd mr mw me ac sd 
7fa3a51bd000-7fa3a51be000 rw-p 00181000 fd:00 2364084                    /usr/lib64/libm-2.28.so
Size:                  4 kB
KernelPageSize:        4 kB
MMUPageSize:           4 kB
Rss:                   4 kB
Pss:                   4 kB
Shared_Clean:          0 kB
Shared_Dirty:          0 kB
Private_Clean:         0 kB
Private_Dirty:         4 kB
Referenced:            4 kB
Anonymous:             4 kB
LazyFree:              0 kB
AnonHugePages:         0 kB
ShmemPmdMapped:        0 kB
FilePmdMapped:         0 kB
Shared_Hugetlb:        0 kB
Private_Hugetlb:       0 kB
Swap:                  0 kB
SwapPss:               0 kB
Locked:                0 kB
THPeligible:    0
VmFlags: rd wr mr mw me ac sd 
7fa3a51be000-7fa3a51c1000 r-xp 00000000 fd:00 2364082                    /usr/lib64/libdl-2.28.so
Size:                 12 kB
KernelPageSize:        4 kB
MMUPageSize:           4 kB
Rss:                  12 kB
Pss:                   0 kB
Shared_Clean:         12 kB
Shared_Dirty:          0 kB
Private_Clean:         0 kB
Private_Dirty:         0 kB
Referenced:           12 kB
Anonymous:             0 kB
LazyFree:              0 kB
AnonHugePages:         0 kB
ShmemPmdMapped:        0 kB
FilePmdMapped:         0 kB
Shared_Hugetlb:        0 kB
Private_Hugetlb:       0 kB
Swap:                  0 kB
SwapPss:               0 kB
Locked:                0 kB
THPeligible:    0
VmFlags: rd ex mr mw me sd 
7fa3a51c1000-7fa3a53c0000 ---p 00003000 fd:00 2364082                    /usr/lib64/libdl-2.28.so
Size:               2044 kB
KernelPageSize:        4 kB
MMUPageSize:           4 kB
Rss:                   0 kB
Pss:                   0 kB
Shared_Clean:          0 kB
Shared_Dirty:          0 kB
Private_Clean:         0 kB
Private_Dirty:         0 kB
Referenced:            0 kB
Anonymous:             0 kB
LazyFree:              0 kB
AnonHugePages:         0 kB
ShmemPmdMapped:        0 kB
FilePmdMapped:         0 kB
Shared_Hugetlb:        0 kB
Private_Hugetlb:       0 kB
Swap:                  0 kB
SwapPss:               0 kB
Locked:                0 kB
THPeligible:    0
VmFlags: mr mw me sd 
7fa3a53c0000-7fa3a53c1000 r--p 00002000 fd:00 2364082                    /usr/lib64/libdl-2.28.so
Size:                  4 kB
KernelPageSize:        4 kB
MMUPageSize:           4 kB
Rss:                   4 kB
Pss:                   4 kB
Shared_Clean:          0 kB
Shared_Dirty:          0 kB
Private_Clean:         0 kB
Private_Dirty:         4 kB
Referenced:            4 kB
Anonymous:             4 kB
LazyFree:              0 kB
AnonHugePages:         0 kB
ShmemPmdMapped:        0 kB
FilePmdMapped:         0 kB
Shared_Hugetlb:        0 kB
Private_Hugetlb:       0 kB
Swap:                  0 kB
SwapPss:               0 kB
Locked:                0 kB
THPeligible:    0
VmFlags: rd mr mw me ac sd 
7fa3a53c1000-7fa3a53c2000 rw-p 00003000 fd:00 2364082                    /usr/lib64/libdl-2.28.so
Size:                  4 kB
KernelPageSize:        4 kB
MMUPageSize:           4 kB
Rss:                   4 kB
Pss:                   4 kB
Shared_Clean:          0 kB
Shared_Dirty:          0 kB
Private_Clean:         0 kB
Private_Dirty:         4 kB
Referenced:            4 kB
Anonymous:             4 kB
LazyFree:              0 kB
AnonHugePages:         0 kB
ShmemPmdMapped:        0 kB
FilePmdMapped:         0 kB
Shared_Hugetlb:        0 kB
Private_Hugetlb:       0 kB
Swap:                  0 kB
SwapPss:               0 kB
Locked:                0 kB
THPeligible:    0
VmFlags: rd wr mr mw me ac sd 
7fa3a53c2000-7fa3a53dd000 r-xp 00000000 fd:00 2386879                    /usr/lib64/libpthread-2.28.so
Size:                108 kB
KernelPageSize:        4 kB
MMUPageSize:           4 kB
Rss:                 108 kB
Pss:                   0 kB
Shared_Clean:        108 kB
Shared_Dirty:          0 kB
Private_Clean:         0 kB
Private_Dirty:         0 kB
Referenced:          108 kB
Anonymous:             0 kB
LazyFree:              0 kB
AnonHugePages:         0 kB
ShmemPmdMapped:        0 kB
FilePmdMapped:         0 kB
Shared_Hugetlb:        0 kB
Private_Hugetlb:       0 kB
Swap:                  0 kB
SwapPss:               0 kB
Locked:                0 kB
THPeligible:    0
VmFlags: rd ex mr mw me sd 
7fa3a53dd000-7fa3a55dc000 ---p 0001b000 fd:00 2386879                    /usr/lib64/libpthread-2.28.so
Size:               2044 kB
KernelPageSize:        4 kB
MMUPageSize:           4 kB
Rss:                   0 kB
Pss:                   0 kB
Shared_Clean:          0 kB
Shared_Dirty:          0 kB
Private_Clean:         0 kB
Private_Dirty:         0 kB
Referenced:            0 kB
Anonymous:             0 kB
LazyFree:              0 kB
AnonHugePages:         0 kB
ShmemPmdMapped:        0 kB
FilePmdMapped:         0 kB
Shared_Hugetlb:        0 kB
Private_Hugetlb:       0 kB
Swap:                  0 kB
SwapPss:               0 kB
Locked:                0 kB
THPeligible:    0
VmFlags: mr mw me sd 
7fa3a55dc000-7fa3a55dd000 r--p 0001a000 fd:00 2386879                    /usr/lib64/libpthread-2.28.so
Size:                  4 kB
KernelPageSize:        4 kB
MMUPageSize:           4 kB
Rss:                   4 kB
Pss:                   4 kB
Shared_Clean:          0 kB
Shared_Dirty:          0 kB
Private_Clean:         0 kB
Private_Dirty:         4 kB
Referenced:            4 kB
Anonymous:             4 kB
LazyFree:              0 kB
AnonHugePages:         0 kB
ShmemPmdMapped:        0 kB
FilePmdMapped:         0 kB
Shared_Hugetlb:        0 kB
Private_Hugetlb:       0 kB
Swap:                  0 kB
SwapPss:               0 kB
Locked:                0 kB
THPeligible:    0
VmFlags: rd mr mw me ac sd 
7fa3a55dd000-7fa3a55de000 rw-p 0001b000 fd:00 2386879                    /usr/lib64/libpthread-2.28.so
Size:                  4 kB
KernelPageSize:        4 kB
MMUPageSize:           4 kB
Rss:                   4 kB
Pss:                   4 kB
Shared_Clean:          0 kB
Shared_Dirty:          0 kB
Private_Clean:         0 kB
Private_Dirty:         4 kB
Referenced:            4 kB
Anonymous:             4 kB
LazyFree:              0 kB
AnonHugePages:         0 kB
ShmemPmdMapped:        0 kB
FilePmdMapped:         0 kB
Shared_Hugetlb:        0 kB
Private_Hugetlb:       0 kB
Swap:                  0 kB
SwapPss:               0 kB
Locked:                0 kB
THPeligible:    0
VmFlags: rd wr mr mw me ac sd 
7fa3a55de000-7fa3a55e2000 rw-p 00000000 00:00 0 
Size:                 16 kB
KernelPageSize:        4 kB
MMUPageSize:           4 kB
Rss:                   4 kB
Pss:                   4 kB
Shared_Clean:          0 kB
Shared_Dirty:          0 kB
Private_Clean:         0 kB
Private_Dirty:         4 kB
Referenced:            4 kB
Anonymous:             4 kB
LazyFree:              0 kB
AnonHugePages:         0 kB
ShmemPmdMapped:        0 kB
FilePmdMapped:         0 kB
Shared_Hugetlb:        0 kB
Private_Hugetlb:       0 kB
Swap:                  0 kB
SwapPss:               0 kB
Locked:                0 kB
THPeligible:    0
VmFlags: rd wr mr mw me ac sd 
7fa3a55e2000-7fa3a5611000 r-xp 00000000 fd:00 2364073                    /usr/lib64/ld-2.28.so
Size:                188 kB
KernelPageSize:        4 kB
MMUPageSize:           4 kB
Rss:                 184 kB
Pss:                   0 kB
Shared_Clean:        184 kB
Shared_Dirty:          0 kB
Private_Clean:         0 kB
Private_Dirty:         0 kB
Referenced:          184 kB
Anonymous:             0 kB
LazyFree:              0 kB
AnonHugePages:         0 kB
ShmemPmdMapped:        0 kB
FilePmdMapped:         0 kB
Shared_Hugetlb:        0 kB
Private_Hugetlb:       0 kB
Swap:                  0 kB
SwapPss:               0 kB
Locked:                0 kB
THPeligible:    0
VmFlags: rd ex mr mw me dw sd 
7fa3a5612000-7fa3a575e000 rw-p 00000000 00:00 0 
Size:               1328 kB
KernelPageSize:        4 kB
MMUPageSize:           4 kB
Rss:                1076 kB
Pss:                1076 kB
Shared_Clean:          0 kB
Shared_Dirty:          0 kB
Private_Clean:         0 kB
Private_Dirty:      1076 kB
Referenced:         1076 kB
Anonymous:          1076 kB
LazyFree:              0 kB
AnonHugePages:         0 kB
ShmemPmdMapped:        0 kB
FilePmdMapped:         0 kB
Shared_Hugetlb:        0 kB
Private_Hugetlb:       0 kB
Swap:                  0 kB
SwapPss:               0 kB
Locked:                0 kB
THPeligible:    0
VmFlags: rd wr mr mw me ac sd 
7fa3a575e000-7fa3a5760000 ---p 00000000 00:00 0 
Size:                  8 kB
KernelPageSize:        4 kB
MMUPageSize:           4 kB
Rss:                   0 kB
Pss:                   0 kB
Shared_Clean:          0 kB
Shared_Dirty:          0 kB
Private_Clean:         0 kB
Private_Dirty:         0 kB
Referenced:            0 kB
Anonymous:             0 kB
LazyFree:              0 kB
AnonHugePages:         0 kB
ShmemPmdMapped:        0 kB
FilePmdMapped:         0 kB
Shared_Hugetlb:        0 kB
Private_Hugetlb:       0 kB
Swap:                  0 kB
SwapPss:               0 kB
Locked:                0 kB
THPeligible:    0
VmFlags: mr mw me ac sd 
7fa3a5760000-7fa3a57a0000 rw-p 00000000 00:00 0 
Size:                256 kB
KernelPageSize:        4 kB
MMUPageSize:           4 kB
Rss:                   0 kB
Pss:                   0 kB
Shared_Clean:          0 kB
Shared_Dirty:          0 kB
Private_Clean:         0 kB
Private_Dirty:         0 kB
Referenced:            0 kB
Anonymous:             0 kB
LazyFree:              0 kB
AnonHugePages:         0 kB
ShmemPmdMapped:        0 kB
FilePmdMapped:         0 kB
Shared_Hugetlb:        0 kB
Private_Hugetlb:       0 kB
Swap:                  0 kB
SwapPss:               0 kB
Locked:                0 kB
THPeligible:    0
VmFlags: rd wr mr mw me ac sd 
7fa3a57a0000-7fa3a57a2000 ---p 00000000 00:00 0 
Size:                  8 kB
KernelPageSize:        4 kB
MMUPageSize:           4 kB
Rss:                   0 kB
Pss:                   0 kB
Shared_Clean:          0 kB
Shared_Dirty:          0 kB
Private_Clean:         0 kB
Private_Dirty:         0 kB
Referenced:            0 kB
Anonymous:             0 kB
LazyFree:              0 kB
AnonHugePages:         0 kB
ShmemPmdMapped:        0 kB
FilePmdMapped:         0 kB
Shared_Hugetlb:        0 kB
Private_Hugetlb:       0 kB
Swap:                  0 kB
SwapPss:               0 kB
Locked:                0 kB
THPeligible:    0
VmFlags: mr mw me ac sd 
7fa3a57a2000-7fa3a57a4000 rw-p 00000000 00:00 0 
Size:                  8 kB
KernelPageSize:        4 kB
MMUPageSize:           4 kB
Rss:                   4 kB
Pss:                   4 kB
Shared_Clean:          0 kB
Shared_Dirty:          0 kB
Private_Clean:         0 kB
Private_Dirty:         4 kB
Referenced:            4 kB
Anonymous:             4 kB
LazyFree:              0 kB
AnonHugePages:         0 kB
ShmemPmdMapped:        0 kB
FilePmdMapped:         0 kB
Shared_Hugetlb:        0 kB
Private_Hugetlb:       0 kB
Swap:                  0 kB
SwapPss:               0 kB
Locked:                0 kB
THPeligible:    0
VmFlags: rd wr mr mw me ac sd 
7fa3a57a4000-7fa3a57a6000 ---p 00000000 00:00 0 
Size:                  8 kB
KernelPageSize:        4 kB
MMUPageSize:           4 kB
Rss:                   0 kB
Pss:                   0 kB
Shared_Clean:          0 kB
Shared_Dirty:          0 kB
Private_Clean:         0 kB
Private_Dirty:         0 kB
Referenced:            0 kB
Anonymous:             0 kB
LazyFree:              0 kB
AnonHugePages:         0 kB
ShmemPmdMapped:        0 kB
FilePmdMapped:         0 kB
Shared_Hugetlb:        0 kB
Private_Hugetlb:       0 kB
Swap:                  0 kB
SwapPss:               0 kB
Locked:                0 kB
THPeligible:    0
VmFlags: mr mw me ac sd 
7fa3a57a6000-7fa3a57e6000 rw-p 00000000 00:00 0 
Size:                256 kB
KernelPageSize:        4 kB
MMUPageSize:           4 kB
Rss:                   0 kB
Pss:                   0 kB
Shared_Clean:          0 kB
Shared_Dirty:          0 kB
Private_Clean:         0 kB
Private_Dirty:         0 kB
Referenced:            0 kB
Anonymous:             0 kB
LazyFree:              0 kB
AnonHugePages:         0 kB
ShmemPmdMapped:        0 kB
FilePmdMapped:         0 kB
Shared_Hugetlb:        0 kB
Private_Hugetlb:       0 kB
Swap:                  0 kB
SwapPss:               0 kB
Locked:                0 kB
THPeligible:    0
VmFlags: rd wr mr mw me ac sd 
7fa3a57e6000-7fa3a57e8000 ---p 00000000 00:00 0 
Size:                  8 kB
KernelPageSize:        4 kB
MMUPageSize:           4 kB
Rss:                   0 kB
Pss:                   0 kB
Shared_Clean:          0 kB
Shared_Dirty:          0 kB
Private_Clean:         0 kB
Private_Dirty:         0 kB
Referenced:            0 kB
Anonymous:             0 kB
LazyFree:              0 kB
AnonHugePages:         0 kB
ShmemPmdMapped:        0 kB
FilePmdMapped:         0 kB
Shared_Hugetlb:        0 kB
Private_Hugetlb:       0 kB
Swap:                  0 kB
SwapPss:               0 kB
Locked:                0 kB
THPeligible:    0
VmFlags: mr mw me ac sd 
7fa3a57e8000-7fa3a57f1000 rw-p 00000000 00:00 0 
Size:                 36 kB
KernelPageSize:        4 kB
MMUPageSize:           4 kB
Rss:                  28 kB
Pss:                  28 kB
Shared_Clean:          0 kB
Shared_Dirty:          0 kB
Private_Clean:         0 kB
Private_Dirty:        28 kB
Referenced:           28 kB
Anonymous:            28 kB
LazyFree:              0 kB
AnonHugePages:         0 kB
ShmemPmdMapped:        0 kB
FilePmdMapped:         0 kB
Shared_Hugetlb:        0 kB
Private_Hugetlb:       0 kB
Swap:                  0 kB
SwapPss:               0 kB
Locked:                0 kB
THPeligible:    0
VmFlags: rd wr mr mw me ac sd 
7fa3a57f9000-7fa3a5809000 rw-s 00000000 00:33 58750693                   /home/miglioranza/Mapper/Mapper.sim/sim_1/behav/xcelium_FI/waves.shm/waves.dsn (deleted)
Size:                 64 kB
KernelPageSize:        4 kB
MMUPageSize:           4 kB
Rss:                   0 kB
Pss:                   0 kB
Shared_Clean:          0 kB
Shared_Dirty:          0 kB
Private_Clean:         0 kB
Private_Dirty:         0 kB
Referenced:            0 kB
Anonymous:             0 kB
LazyFree:              0 kB
AnonHugePages:         0 kB
ShmemPmdMapped:        0 kB
FilePmdMapped:         0 kB
Shared_Hugetlb:        0 kB
Private_Hugetlb:       0 kB
Swap:                  0 kB
SwapPss:               0 kB
Locked:                0 kB
THPeligible:    0
VmFlags: rd wr sh mr mw me ms sd 
7fa3a5809000-7fa3a580b000 rw-p 00000000 00:00 0 
Size:                  8 kB
KernelPageSize:        4 kB
MMUPageSize:           4 kB
Rss:                   8 kB
Pss:                   8 kB
Shared_Clean:          0 kB
Shared_Dirty:          0 kB
Private_Clean:         0 kB
Private_Dirty:         8 kB
Referenced:            8 kB
Anonymous:             8 kB
LazyFree:              0 kB
AnonHugePages:         0 kB
ShmemPmdMapped:        0 kB
FilePmdMapped:         0 kB
Shared_Hugetlb:        0 kB
Private_Hugetlb:       0 kB
Swap:                  0 kB
SwapPss:               0 kB
Locked:                0 kB
THPeligible:    0
VmFlags: rd wr mr mw me ac sd 
7fa3a580b000-7fa3a580f000 r--p 00000000 00:00 0                          [vvar]
Size:                 16 kB
KernelPageSize:        4 kB
MMUPageSize:           4 kB
Rss:                   0 kB
Pss:                   0 kB
Shared_Clean:          0 kB
Shared_Dirty:          0 kB
Private_Clean:         0 kB
Private_Dirty:         0 kB
Referenced:            0 kB
Anonymous:             0 kB
LazyFree:              0 kB
AnonHugePages:         0 kB
ShmemPmdMapped:        0 kB
FilePmdMapped:         0 kB
Shared_Hugetlb:        0 kB
Private_Hugetlb:       0 kB
Swap:                  0 kB
SwapPss:               0 kB
Locked:                0 kB
THPeligible:    0
VmFlags: rd mr pf io de dd sd 
7fa3a580f000-7fa3a5811000 r-xp 00000000 00:00 0                          [vdso]
Size:                  8 kB
KernelPageSize:        4 kB
MMUPageSize:           4 kB
Rss:                   4 kB
Pss:                   0 kB
Shared_Clean:          4 kB
Shared_Dirty:          0 kB
Private_Clean:         0 kB
Private_Dirty:         0 kB
Referenced:            4 kB
Anonymous:             0 kB
